Archive member included to satisfy reference by file (symbol)

c:/program files (x86)/gnu arm embedded toolchain/10 2021.10/bin/../lib/gcc/arm-none-eabi/10.3.1/../../../../arm-none-eabi/lib/thumb/v7e-m+fp/hard\libc_nano.a(lib_a-calloc.o)
                              build/CANopen.o (calloc)
c:/program files (x86)/gnu arm embedded toolchain/10 2021.10/bin/../lib/gcc/arm-none-eabi/10.3.1/../../../../arm-none-eabi/lib/thumb/v7e-m+fp/hard\libc_nano.a(lib_a-exit.o)
                              c:/program files (x86)/gnu arm embedded toolchain/10 2021.10/bin/../lib/gcc/arm-none-eabi/10.3.1/../../../../arm-none-eabi/lib/thumb/v7e-m+fp/hard/crt0.o (exit)
c:/program files (x86)/gnu arm embedded toolchain/10 2021.10/bin/../lib/gcc/arm-none-eabi/10.3.1/../../../../arm-none-eabi/lib/thumb/v7e-m+fp/hard\libc_nano.a(lib_a-fflush.o)
                              build/CO_app_STM32.o (fflush)
c:/program files (x86)/gnu arm embedded toolchain/10 2021.10/bin/../lib/gcc/arm-none-eabi/10.3.1/../../../../arm-none-eabi/lib/thumb/v7e-m+fp/hard\libc_nano.a(lib_a-findfp.o)
                              c:/program files (x86)/gnu arm embedded toolchain/10 2021.10/bin/../lib/gcc/arm-none-eabi/10.3.1/../../../../arm-none-eabi/lib/thumb/v7e-m+fp/hard\libc_nano.a(lib_a-fflush.o) (__sinit)
c:/program files (x86)/gnu arm embedded toolchain/10 2021.10/bin/../lib/gcc/arm-none-eabi/10.3.1/../../../../arm-none-eabi/lib/thumb/v7e-m+fp/hard\libc_nano.a(lib_a-fwalk.o)
                              c:/program files (x86)/gnu arm embedded toolchain/10 2021.10/bin/../lib/gcc/arm-none-eabi/10.3.1/../../../../arm-none-eabi/lib/thumb/v7e-m+fp/hard\libc_nano.a(lib_a-findfp.o) (_fwalk)
c:/program files (x86)/gnu arm embedded toolchain/10 2021.10/bin/../lib/gcc/arm-none-eabi/10.3.1/../../../../arm-none-eabi/lib/thumb/v7e-m+fp/hard\libc_nano.a(lib_a-impure.o)
                              c:/program files (x86)/gnu arm embedded toolchain/10 2021.10/bin/../lib/gcc/arm-none-eabi/10.3.1/../../../../arm-none-eabi/lib/thumb/v7e-m+fp/hard\libc_nano.a(lib_a-exit.o) (_global_impure_ptr)
c:/program files (x86)/gnu arm embedded toolchain/10 2021.10/bin/../lib/gcc/arm-none-eabi/10.3.1/../../../../arm-none-eabi/lib/thumb/v7e-m+fp/hard\libc_nano.a(lib_a-init.o)
                              c:/program files (x86)/gnu arm embedded toolchain/10 2021.10/bin/../lib/gcc/arm-none-eabi/10.3.1/../../../../arm-none-eabi/lib/thumb/v7e-m+fp/hard/crt0.o (__libc_init_array)
c:/program files (x86)/gnu arm embedded toolchain/10 2021.10/bin/../lib/gcc/arm-none-eabi/10.3.1/../../../../arm-none-eabi/lib/thumb/v7e-m+fp/hard\libc_nano.a(lib_a-lock.o)
                              c:/program files (x86)/gnu arm embedded toolchain/10 2021.10/bin/../lib/gcc/arm-none-eabi/10.3.1/../../../../arm-none-eabi/lib/thumb/v7e-m+fp/hard\libc_nano.a(lib_a-findfp.o) (__retarget_lock_init_recursive)
c:/program files (x86)/gnu arm embedded toolchain/10 2021.10/bin/../lib/gcc/arm-none-eabi/10.3.1/../../../../arm-none-eabi/lib/thumb/v7e-m+fp/hard\libc_nano.a(lib_a-malloc.o)
                              build/CANopen.o (free)
c:/program files (x86)/gnu arm embedded toolchain/10 2021.10/bin/../lib/gcc/arm-none-eabi/10.3.1/../../../../arm-none-eabi/lib/thumb/v7e-m+fp/hard\libc_nano.a(lib_a-memcpy-stub.o)
                              build/CO_ODinterface.o (memcpy)
c:/program files (x86)/gnu arm embedded toolchain/10 2021.10/bin/../lib/gcc/arm-none-eabi/10.3.1/../../../../arm-none-eabi/lib/thumb/v7e-m+fp/hard\libc_nano.a(lib_a-memmove.o)
                              build/CO_SDOserver.o (memmove)
c:/program files (x86)/gnu arm embedded toolchain/10 2021.10/bin/../lib/gcc/arm-none-eabi/10.3.1/../../../../arm-none-eabi/lib/thumb/v7e-m+fp/hard\libc_nano.a(lib_a-memset.o)
                              c:/program files (x86)/gnu arm embedded toolchain/10 2021.10/bin/../lib/gcc/arm-none-eabi/10.3.1/../../../../arm-none-eabi/lib/thumb/v7e-m+fp/hard/crt0.o (memset)
c:/program files (x86)/gnu arm embedded toolchain/10 2021.10/bin/../lib/gcc/arm-none-eabi/10.3.1/../../../../arm-none-eabi/lib/thumb/v7e-m+fp/hard\libc_nano.a(lib_a-nano-callocr.o)
                              c:/program files (x86)/gnu arm embedded toolchain/10 2021.10/bin/../lib/gcc/arm-none-eabi/10.3.1/../../../../arm-none-eabi/lib/thumb/v7e-m+fp/hard\libc_nano.a(lib_a-calloc.o) (_calloc_r)
c:/program files (x86)/gnu arm embedded toolchain/10 2021.10/bin/../lib/gcc/arm-none-eabi/10.3.1/../../../../arm-none-eabi/lib/thumb/v7e-m+fp/hard\libc_nano.a(lib_a-nano-freer.o)
                              c:/program files (x86)/gnu arm embedded toolchain/10 2021.10/bin/../lib/gcc/arm-none-eabi/10.3.1/../../../../arm-none-eabi/lib/thumb/v7e-m+fp/hard\libc_nano.a(lib_a-fflush.o) (_free_r)
c:/program files (x86)/gnu arm embedded toolchain/10 2021.10/bin/../lib/gcc/arm-none-eabi/10.3.1/../../../../arm-none-eabi/lib/thumb/v7e-m+fp/hard\libc_nano.a(lib_a-nano-mallocr.o)
[...]
Memory Configuration

Name             Origin             Length             Attributes
RAM              0x20000000         0x00003000         xrw
CCMRAM           0x10000000         0x00001000         xrw
FLASH            0x08000000         0x00010000         xr
*default*        0x00000000         0xffffffff

Linker script and memory map

LOAD c:/program files (x86)/gnu arm embedded toolchain/10 2021.10/bin/../lib/gcc/arm-none-eabi/10.3.1/thumb/v7e-m+fp/hard/crti.o
LOAD c:/program files (x86)/gnu arm embedded toolchain/10 2021.10/bin/../lib/gcc/arm-none-eabi/10.3.1/thumb/v7e-m+fp/hard/crtbegin.o
LOAD c:/program files (x86)/gnu arm embedded toolchain/10 2021.10/bin/../lib/gcc/arm-none-eabi/10.3.1/../../../../arm-none-eabi/lib/thumb/v7e-m+fp/hard/crt0.o
LOAD build/main.o
LOAD build/gpio.o
LOAD build/freertos.o
LOAD build/can.o
LOAD build/tim.o
LOAD build/stm32f3xx_it.o
LOAD build/stm32f3xx_hal_msp.o
LOAD build/stm32f3xx_hal_timebase_tim.o
LOAD build/hc_sr04.o
LOAD build/ws2812.o
LOAD build/flashROM.o
LOAD build/CO_ODinterface.o
LOAD build/CO_NMT_Heartbeat.o
LOAD build/CO_HBconsumer.o
LOAD build/CO_Emergency.o
LOAD build/CO_SDOserver.o
LOAD build/CO_SDOclient.o
LOAD build/CO_TIME.o
LOAD build/CO_SYNC.o
LOAD build/CO_PDO.o
LOAD build/crc16-ccitt.o
LOAD build/CO_fifo.o
LOAD build/CO_LEDs.o
LOAD build/CO_GFC.o
LOAD build/CO_SRDO.o
LOAD build/CO_LSSslave.o
LOAD build/CO_LSSmaster.o
LOAD build/CO_gateway_ascii.o
LOAD build/CO_storage.o
LOAD build/CO_trace.o
LOAD build/CANopen.o
LOAD build/CO_app_STM32.o
LOAD build/CO_driver_STM32.o
LOAD build/OD.o
LOAD build/stm32f3xx_hal_can.o
LOAD build/stm32f3xx_hal.o
LOAD build/stm32f3xx_hal_rcc.o
LOAD build/stm32f3xx_hal_rcc_ex.o
LOAD build/stm32f3xx_hal_gpio.o
LOAD build/stm32f3xx_hal_dma.o
LOAD build/stm32f3xx_hal_cortex.o
LOAD build/stm32f3xx_hal_pwr.o
LOAD build/stm32f3xx_hal_pwr_ex.o
LOAD build/stm32f3xx_hal_flash.o
LOAD build/stm32f3xx_hal_flash_ex.o
LOAD build/stm32f3xx_hal_i2c.o
LOAD build/stm32f3xx_hal_i2c_ex.o
LOAD build/stm32f3xx_hal_exti.o
LOAD build/stm32f3xx_hal_tim.o
LOAD build/stm32f3xx_hal_tim_ex.o
LOAD build/system_stm32f3xx.o
LOAD build/croutine.o
LOAD build/event_groups.o
LOAD build/list.o
LOAD build/queue.o
LOAD build/stream_buffer.o
LOAD build/tasks.o
LOAD build/timers.o
LOAD build/cmsis_os2.o
LOAD build/heap_4.o
LOAD build/port.o
LOAD build/startup_stm32f303x8.o
LOAD c:/program files (x86)/gnu arm embedded toolchain/10 2021.10/bin/../lib/gcc/arm-none-eabi/10.3.1/../../../../arm-none-eabi/lib/thumb/v7e-m+fp/hard\libc_nano.a
LOAD c:/program files (x86)/gnu arm embedded toolchain/10 2021.10/bin/../lib/gcc/arm-none-eabi/10.3.1/../../../../arm-none-eabi/lib/thumb/v7e-m+fp/hard\libm.a
LOAD c:/program files (x86)/gnu arm embedded toolchain/10 2021.10/bin/../lib/gcc/arm-none-eabi/10.3.1/../../../../arm-none-eabi/lib/thumb/v7e-m+fp/hard\libnosys.a
START GROUP
LOAD c:/program files (x86)/gnu arm embedded toolchain/10 2021.10/bin/../lib/gcc/arm-none-eabi/10.3.1/thumb/v7e-m+fp/hard\libgcc.a
LOAD c:/program files (x86)/gnu arm embedded toolchain/10 2021.10/bin/../lib/gcc/arm-none-eabi/10.3.1/../../../../arm-none-eabi/lib/thumb/v7e-m+fp/hard\libc_nano.a
END GROUP
START GROUP
LOAD c:/program files (x86)/gnu arm embedded toolchain/10 2021.10/bin/../lib/gcc/arm-none-eabi/10.3.1/thumb/v7e-m+fp/hard\libgcc.a
LOAD c:/program files (x86)/gnu arm embedded toolchain/10 2021.10/bin/../lib/gcc/arm-none-eabi/10.3.1/../../../../arm-none-eabi/lib/thumb/v7e-m+fp/hard\libc_nano.a
END GROUP
LOAD c:/program files (x86)/gnu arm embedded toolchain/10 2021.10/bin/../lib/gcc/arm-none-eabi/10.3.1/thumb/v7e-m+fp/hard/crtend.o
LOAD c:/program files (x86)/gnu arm embedded toolchain/10 2021.10/bin/../lib/gcc/arm-none-eabi/10.3.1/thumb/v7e-m+fp/hard/crtn.o
                0x20003000                _estack = (ORIGIN (RAM) + LENGTH (RAM))
                0x00000200                _Min_Heap_Size = 0x200
                0x00000400                _Min_Stack_Size = 0x400

.isr_vector     0x08000000      0x188
                0x08000000                . = ALIGN (0x4)
 *(.isr_vector)
 .isr_vector    0x08000000      0x188 build/startup_stm32f303x8.o
                0x08000000                g_pfnVectors
                0x08000188                . = ALIGN (0x4)

.text           0x08000190     0x9cf8
                0x08000190                . = ALIGN (0x4)
 *(.text)
 .text          0x08000190       0x40 c:/program files (x86)/gnu arm embedded toolchain/10 2021.10/bin/../lib/gcc/arm-none-eabi/10.3.1/thumb/v7e-m+fp/hard/crtbegin.o
 .text          0x080001d0       0x10 c:/program files (x86)/gnu arm embedded toolchain/10 2021.10/bin/../lib/gcc/arm-none-eabi/10.3.1/../../../../arm-none-eabi/lib/thumb/v7e-m+fp/hard\libc_nano.a(lib_a-strlen.o)
                0x080001d0                strlen
 .text          0x080001e0       0xa0 c:/program files (x86)/gnu arm embedded toolchain/10 2021.10/bin/../lib/gcc/arm-none-eabi/10.3.1/../../../../arm-none-eabi/lib/thumb/v7e-m+fp/hard\libc_nano.a(lib_a-memchr.o)
                0x080001e0                memchr
 .text          0x08000280      0x254 c:/program files (x86)/gnu arm embedded toolchain/10 2021.10/bin/../lib/gcc/arm-none-eabi/10.3.1/thumb/v7e-m+fp/hard\libgcc.a(_arm_muldf3.o)
                0x08000280                __muldf3
                0x08000280                __aeabi_dmul
 .text          0x080004d4      0x378 c:/program files (x86)/gnu arm embedded toolchain/10 2021.10/bin/../lib/gcc/arm-none-eabi/10.3.1/thumb/v7e-m+fp/hard\libgcc.a(_arm_addsubdf3.o)
                0x080004d4                __aeabi_drsub
                0x080004dc                __aeabi_dsub
                0x080004dc                __subdf3
                0x080004e0                __aeabi_dadd
                0x080004e0                __adddf3
                0x08000758                __floatunsidf
                0x08000758                __aeabi_ui2d
                0x08000778                __floatsidf
                0x08000778                __aeabi_i2d
                0x0800079c                __aeabi_f2d
                0x0800079c                __extendsfdf2
                0x080007e0                __floatundidf
                0x080007e0                __aeabi_ul2d
                0x080007f0                __floatdidf
                0x080007f0                __aeabi_l2d
 .text          0x0800084c       0x40 c:/program files (x86)/gnu arm embedded toolchain/10 2021.10/bin/../lib/gcc/arm-none-eabi/10.3.1/thumb/v7e-m+fp/hard\libgcc.a(_arm_fixunsdfsi.o)
                0x0800084c                __aeabi_d2uiz
                0x0800084c                __fixunsdfsi
 *(.text*)
 .text.get_NodeID
                0x0800088c        0xc build/main.o
                0x0800088c                get_NodeID
 .text.HAL_TIM_PeriodElapsedCallback
                0x08000898       0x2c build/main.o
                0x08000898                HAL_TIM_PeriodElapsedCallback
 .text.Error_Handler
                0x080008c4        0x4 build/main.o
                0x080008c4                Error_Handler
 .text.SystemClock_Config
                0x080008c8       0x60 build/main.o
                0x080008c8                SystemClock_Config
 .text.main     0x08000928       0x4c build/main.o
                0x08000928                main
 .text.MX_GPIO_Init
                0x08000974       0xa4 build/gpio.o
                0x08000974                MX_GPIO_Init
 .text.canopen_task
                0x08000a18      0x2f0 build/freertos.o
                0x08000a18                canopen_task
 .text.MX_FREERTOS_Init
                0x08000d08       0x20 build/freertos.o
                0x08000d08                MX_FREERTOS_Init
 .text.MX_CAN_Init
                0x08000d28       0x7c build/can.o
                0x08000d28                MX_CAN_Init
 .text.HAL_CAN_MspInit
                0x08000da4       0xb4 build/can.o
                0x08000da4                HAL_CAN_MspInit
 .text.MX_TIM2_Init
                0x08000e58       0xa4 build/tim.o
                0x08000e58                MX_TIM2_Init
 .text.MX_TIM3_Init
                0x08000efc       0x70 build/tim.o
                0x08000efc                MX_TIM3_Init
 .text.MX_TIM17_Init
                0x08000f6c       0x34 build/tim.o
                0x08000f6c                MX_TIM17_Init
 .text.HAL_TIM_Base_MspInit
                0x08000fa0       0xc4 build/tim.o
                0x08000fa0                HAL_TIM_Base_MspInit
 .text.NMI_Handler
                0x08001064        0x2 build/stm32f3xx_it.o
                0x08001064                NMI_Handler
 .text.HardFault_Handler
                0x08001066        0x2 build/stm32f3xx_it.o
                0x08001066                HardFault_Handler
 .text.MemManage_Handler
                0x08001068        0x2 build/stm32f3xx_it.o
                0x08001068                MemManage_Handler
 .text.BusFault_Handler
                0x0800106a        0x2 build/stm32f3xx_it.o
                0x0800106a                BusFault_Handler
 .text.UsageFault_Handler
                0x0800106c        0x2 build/stm32f3xx_it.o
                0x0800106c                UsageFault_Handler
 .text.DebugMon_Handler
                0x0800106e        0x2 build/stm32f3xx_it.o
                0x0800106e                DebugMon_Handler
 .text.CAN_TX_IRQHandler
                0x08001070       0x10 build/stm32f3xx_it.o
                0x08001070                CAN_TX_IRQHandler
 .text.CAN_RX0_IRQHandler
                0x08001080       0x10 build/stm32f3xx_it.o
                0x08001080                CAN_RX0_IRQHandler
 .text.CAN_RX1_IRQHandler
                0x08001090       0x10 build/stm32f3xx_it.o
                0x08001090                CAN_RX1_IRQHandler
 .text.TIM1_UP_TIM16_IRQHandler
                0x080010a0       0x10 build/stm32f3xx_it.o
                0x080010a0                TIM1_UP_TIM16_IRQHandler
 .text.TIM1_TRG_COM_TIM17_IRQHandler
                0x080010b0       0x10 build/stm32f3xx_it.o
                0x080010b0                TIM1_TRG_COM_TIM17_IRQHandler
 .text.TIM2_IRQHandler
                0x080010c0       0x10 build/stm32f3xx_it.o
                0x080010c0                TIM2_IRQHandler
 .text.HAL_MspInit
                0x080010d0       0x40 build/stm32f3xx_hal_msp.o
                0x080010d0                HAL_MspInit
 .text.TimeBase_TIM_PeriodElapsedCallback
                0x08001110        0x8 build/stm32f3xx_hal_timebase_tim.o
                0x08001110                TimeBase_TIM_PeriodElapsedCallback
 .text.HAL_InitTick
                0x08001118       0xa4 build/stm32f3xx_hal_timebase_tim.o
                0x08001118                HAL_InitTick
 *fill*         0x080011bc        0x4 
 .text.HAL_TIM_IC_CaptureCallback
                0x080011c0       0xac build/hc_sr04.o
                0x080011c0                HAL_TIM_IC_CaptureCallback
 .text.sendByte
                0x0800126c       0xb6 build/ws2812.o
                0x0800126c                sendByte
 .text.sendPixel
                0x08001322       0x1a build/ws2812.o
                0x08001322                sendPixel
 .text.ws2812_reset
                0x0800133c       0x38 build/ws2812.o
                0x0800133c                ws2812_reset
 .text.clear    0x08001374       0x1e build/ws2812.o
                0x08001374                clear
 .text.Flash_Read_Data
                0x08001392        0x6 build/flashROM.o
                0x08001392                Flash_Read_Data
 .text.OD_readDisabled
                0x08001398        0x4 build/CO_ODinterface.o
 .text.OD_writeDisabled
                0x0800139c        0x4 build/CO_ODinterface.o
 .text.OD_readOriginal
                0x080013a0       0x5e build/CO_ODinterface.o
                0x080013a0                OD_readOriginal
 .text.OD_writeOriginal
                0x080013fe       0x62 build/CO_ODinterface.o
                0x080013fe                OD_writeOriginal
 .text.OD_find  0x08001460       0x66 build/CO_ODinterface.o
                0x08001460                OD_find
 *fill*         0x080014c6        0x2 
 .text.OD_getSub
                0x080014c8      0x104 build/CO_ODinterface.o
                0x080014c8                OD_getSub
 .text.OD_getSDOabCode
                0x080015cc       0x1c build/CO_ODinterface.o
                0x080015cc                OD_getSDOabCode
 .text.OD_get_value
                0x080015e8       0x36 build/CO_ODinterface.o
                0x080015e8                OD_get_value
 .text.OD_set_value
                0x0800161e       0x30 build/CO_ODinterface.o
                0x0800161e                OD_set_value
 .text.OD_getPtr
                0x0800164e       0x3c build/CO_ODinterface.o
                0x0800164e                OD_getPtr
 .text.CO_NMT_receive
                0x0800168a       0x1c build/CO_NMT_Heartbeat.o
 .text.OD_write_1017
                0x080016a6       0x42 build/CO_NMT_Heartbeat.o
 .text.CO_NMT_init
                0x080016e8      0x114 build/CO_NMT_Heartbeat.o
                0x080016e8                CO_NMT_init
 .text.CO_NMT_process
                0x080017fc      0x11c build/CO_NMT_Heartbeat.o
                0x080017fc                CO_NMT_process
 .text.CO_HBcons_receive
                0x08001918       0x14 build/CO_HBconsumer.o
 .text.CO_HBconsumer_initEntry
                0x0800192c       0xd0 build/CO_HBconsumer.o
 .text.OD_write_1016
                0x080019fc       0x5c build/CO_HBconsumer.o
 .text.CO_HBconsumer_init
                0x08001a58       0xf0 build/CO_HBconsumer.o
                0x08001a58                CO_HBconsumer_init
 .text.CO_HBconsumer_process
                0x08001b48      0x130 build/CO_HBconsumer.o
                0x08001b48                CO_HBconsumer_process
 .text.OD_read_1014_default
                0x08001c78       0x4a build/CO_Emergency.o
 .text.OD_read_1003
                0x08001cc2       0x84 build/CO_Emergency.o
 .text.OD_write_1003
                0x08001d46       0x3a build/CO_Emergency.o
 .text.CO_EM_init
                0x08001d80      0x150 build/CO_Emergency.o
                0x08001d80                CO_EM_init
 .text.CO_error
                0x08001ed0       0xc2 build/CO_Emergency.o
                0x08001ed0                CO_error
 .text.CO_EM_process
                0x08001f92      0x186 build/CO_Emergency.o
                0x08001f92                CO_EM_process
 .text.CO_SDOserver_init_canRxTx
                0x08002118       0x90 build/CO_SDOserver.o
 .text.OD_write_1201_additional
                0x080021a8      0x1b0 build/CO_SDOserver.o
 .text.CO_SDO_receive
                0x08002358       0x2e build/CO_SDOserver.o
 *fill*         0x08002386        0x2 
 .text.validateAndWriteToOD
                0x08002388      0x144 build/CO_SDOserver.o
 .text.readFromOd
                0x080024cc      0x114 build/CO_SDOserver.o
 .text.CO_SDOserver_init
                0x080025e0      0x19c build/CO_SDOserver.o
                0x080025e0                CO_SDOserver_init
 .text.CO_SDOserver_process
                0x0800277c      0x620 build/CO_SDOserver.o
                0x0800277c                CO_SDOserver_process
 .text.CO_TIME_receive
                0x08002d9c       0x1a build/CO_TIME.o
 *fill*         0x08002db6        0x2 
 .text.OD_write_1012
                0x08002db8       0xa8 build/CO_TIME.o
 .text.CO_TIME_init
                0x08002e60       0xa0 build/CO_TIME.o
                0x08002e60                CO_TIME_init
 .text.CO_TIME_process
                0x08002f00       0x6c build/CO_TIME.o
                0x08002f00                CO_TIME_process
 .text.CO_SYNC_receive
                0x08002f6c       0x30 build/CO_SYNC.o
 .text.OD_write_1019
                0x08002f9c       0x9e build/CO_SYNC.o
 *fill*         0x0800303a        0x2 
 .text.OD_write_1005
                0x0800303c      0x14c build/CO_SYNC.o
 .text.CO_SYNC_init
                0x08003188      0x1d0 build/CO_SYNC.o
                0x08003188                CO_SYNC_init
 .text.CO_SYNC_process
                0x08003358      0x104 build/CO_SYNC.o
                0x08003358                CO_SYNC_process
 .text.OD_write_dummy
                0x0800345c        0x8 build/CO_PDO.o
 .text.OD_read_dummy
                0x08003464       0x30 build/CO_PDO.o
 .text.OD_read_PDO_commParam
                0x08003494       0x46 build/CO_PDO.o
 *fill*         0x080034da        0x2 
 .text.PDOconfigMap
                0x080034dc      0x128 build/CO_PDO.o
 .text.OD_write_PDO_mapping
                0x08003604       0xbc build/CO_PDO.o
 .text.OD_write_14xx
                0x080036c0      0x1b4 build/CO_PDO.o
 .text.CO_PDO_receive
                0x08003874       0x74 build/CO_PDO.o
 .text.PDO_initMapping
                0x080038e8      0x118 build/CO_PDO.o
 .text.CO_RPDO_init
                0x08003a00      0x218 build/CO_PDO.o
                0x08003a00                CO_RPDO_init
 .text.CO_RPDO_process
                0x08003c18      0x17c build/CO_PDO.o
                0x08003c18                CO_RPDO_process
 .text.CO_LEDs_init
                0x08003d94       0x14 build/CO_LEDs.o
                0x08003d94                CO_LEDs_init
 .text.CO_LEDs_process
                0x08003da8      0x1b8 build/CO_LEDs.o
                0x08003da8                CO_LEDs_process
 .text.CO_LSSslave_receive
                0x08003f60      0x160 build/CO_LSSslave.o
 .text.CO_LSSslave_init
                0x080040c0       0xd0 build/CO_LSSslave.o
                0x080040c0                CO_LSSslave_init
 .text.CO_LSSslave_process
                0x08004190      0x1c8 build/CO_LSSslave.o
                0x08004190                CO_LSSslave_process
 .text.CO_delete
                0x08004358       0x72 build/CANopen.o
                0x08004358                CO_delete
 .text.CO_new   0x080043ca      0x13a build/CANopen.o
                0x080043ca                CO_new
 .text.CO_CANinit
                0x08004504       0x38 build/CANopen.o
                0x08004504                CO_CANinit
 .text.CO_LSSinit
                0x0800453c       0x3c build/CANopen.o
                0x0800453c                CO_LSSinit
 .text.CO_CANopenInit
                0x08004578      0x1a4 build/CANopen.o
                0x08004578                CO_CANopenInit
 .text.CO_CANopenInitPDO
                0x0800471c       0xac build/CANopen.o
                0x0800471c                CO_CANopenInitPDO
 .text.CO_process
                0x080047c8      0x18a build/CANopen.o
                0x080047c8                CO_process
 .text.CO_process_SYNC
                0x08004952       0x4c build/CANopen.o
                0x08004952                CO_process_SYNC
 .text.CO_process_RPDO
                0x0800499e       0x56 build/CANopen.o
                0x0800499e                CO_process_RPDO
 .text.CO_process_TPDO
                0x080049f4        0x2 build/CANopen.o
                0x080049f4                CO_process_TPDO
 *fill*         0x080049f6        0x2 
 .text.canopen_app_resetCommunication
                0x080049f8      0x1a0 build/CO_app_STM32.o
                0x080049f8                canopen_app_resetCommunication
 .text.canopen_app_init
                0x08004b98       0x50 build/CO_app_STM32.o
                0x08004b98                canopen_app_init
 .text.canopen_app_process
                0x08004be8       0x88 build/CO_app_STM32.o
                0x08004be8                canopen_app_process
 .text.canopen_app_interrupt
                0x08004c70       0x5c build/CO_app_STM32.o
                0x08004c70                canopen_app_interrupt
 .text.prv_send_can_message
                0x08004ccc       0x50 build/CO_driver_STM32.o
 .text.prv_read_can_received_msg
                0x08004d1c       0x78 build/CO_driver_STM32.o
 .text.CO_CANsetConfigurationMode
                0x08004d94        0xe build/CO_driver_STM32.o
                0x08004d94                CO_CANsetConfigurationMode
 .text.CO_CANsetNormalMode
                0x08004da2       0x18 build/CO_driver_STM32.o
                0x08004da2                CO_CANsetNormalMode
 *fill*         0x08004dba        0x2 
 .text.CO_CANmodule_init
                0x08004dbc       0xd8 build/CO_driver_STM32.o
                0x08004dbc                CO_CANmodule_init
 .text.CO_CANmodule_disable
                0x08004e94       0x12 build/CO_driver_STM32.o
                0x08004e94                CO_CANmodule_disable
 *fill*         0x08004ea6        0x2 
 .text.CO_CANrxBufferInit
                0x08004ea8       0x74 build/CO_driver_STM32.o
                0x08004ea8                CO_CANrxBufferInit
 .text.CO_CANtxBufferInit
                0x08004f1c       0x46 build/CO_driver_STM32.o
                0x08004f1c                CO_CANtxBufferInit
 .text.CO_CANsend
                0x08004f62       0x54 build/CO_driver_STM32.o
                0x08004f62                CO_CANsend
 .text.CO_CANclearPendingSyncPDOs
                0x08004fb6       0x62 build/CO_driver_STM32.o
                0x08004fb6                CO_CANclearPendingSyncPDOs
 .text.CO_CANmodule_process
                0x08005018       0x4c build/CO_driver_STM32.o
                0x08005018                CO_CANmodule_process
 .text.HAL_CAN_RxFifo0MsgPendingCallback
                0x08005064        0xc build/CO_driver_STM32.o
                0x08005064                HAL_CAN_RxFifo0MsgPendingCallback
 .text.HAL_CAN_RxFifo1MsgPendingCallback
                0x08005070        0xc build/CO_driver_STM32.o
                0x08005070                HAL_CAN_RxFifo1MsgPendingCallback
 .text.CO_CANinterrupt_TX
                0x0800507c       0x5a build/CO_driver_STM32.o
                0x0800507c                CO_CANinterrupt_TX
 *fill*         0x080050d6        0x2 
 .text.HAL_CAN_TxMailbox0CompleteCallback
                0x080050d8       0x14 build/CO_driver_STM32.o
                0x080050d8                HAL_CAN_TxMailbox0CompleteCallback
 .text.HAL_CAN_TxMailbox1CompleteCallback
                0x080050ec       0x14 build/CO_driver_STM32.o
                0x080050ec                HAL_CAN_TxMailbox1CompleteCallback
 .text.HAL_CAN_TxMailbox2CompleteCallback
                0x08005100       0x14 build/CO_driver_STM32.o
                0x08005100                HAL_CAN_TxMailbox2CompleteCallback
 .text.HAL_CAN_TxMailbox0AbortCallback
                0x08005114        0x2 build/stm32f3xx_hal_can.o
                0x08005114                HAL_CAN_TxMailbox0AbortCallback
 .text.HAL_CAN_TxMailbox1AbortCallback
                0x08005116        0x2 build/stm32f3xx_hal_can.o
                0x08005116                HAL_CAN_TxMailbox1AbortCallback
 .text.HAL_CAN_TxMailbox2AbortCallback
                0x08005118        0x2 build/stm32f3xx_hal_can.o
                0x08005118                HAL_CAN_TxMailbox2AbortCallback
 .text.HAL_CAN_RxFifo0FullCallback
                0x0800511a        0x2 build/stm32f3xx_hal_can.o
                0x0800511a                HAL_CAN_RxFifo0FullCallback
 .text.HAL_CAN_RxFifo1FullCallback
                0x0800511c        0x2 build/stm32f3xx_hal_can.o
                0x0800511c                HAL_CAN_RxFifo1FullCallback
 .text.HAL_CAN_SleepCallback
                0x0800511e        0x2 build/stm32f3xx_hal_can.o
                0x0800511e                HAL_CAN_SleepCallback
 .text.HAL_CAN_WakeUpFromRxMsgCallback
                0x08005120        0x2 build/stm32f3xx_hal_can.o
                0x08005120                HAL_CAN_WakeUpFromRxMsgCallback
 .text.HAL_CAN_ErrorCallback
                0x08005122        0x2 build/stm32f3xx_hal_can.o
                0x08005122                HAL_CAN_ErrorCallback
 .text.HAL_CAN_Init
                0x08005124      0x1c4 build/stm32f3xx_hal_can.o
                0x08005124                HAL_CAN_Init
 .text.HAL_CAN_ConfigFilter
                0x080052e8      0x106 build/stm32f3xx_hal_can.o
                0x080052e8                HAL_CAN_ConfigFilter
 .text.HAL_CAN_Start
                0x080053ee       0x5c build/stm32f3xx_hal_can.o
                0x080053ee                HAL_CAN_Start
 .text.HAL_CAN_Stop
                0x0800544a       0x62 build/stm32f3xx_hal_can.o
                0x0800544a                HAL_CAN_Stop
 .text.HAL_CAN_AddTxMessage
                0x080054ac       0xea build/stm32f3xx_hal_can.o
                0x080054ac                HAL_CAN_AddTxMessage
 .text.HAL_CAN_GetTxMailboxesFreeLevel
                0x08005596       0x32 build/stm32f3xx_hal_can.o
                0x08005596                HAL_CAN_GetTxMailboxesFreeLevel
 .text.HAL_CAN_GetRxMessage
                0x080055c8      0x16a build/stm32f3xx_hal_can.o
                0x080055c8                HAL_CAN_GetRxMessage
 .text.HAL_CAN_ActivateNotification
                0x08005732       0x24 build/stm32f3xx_hal_can.o
                0x08005732                HAL_CAN_ActivateNotification
 .text.HAL_CAN_IRQHandler
                0x08005756      0x23a build/stm32f3xx_hal_can.o
                0x08005756                HAL_CAN_IRQHandler
 .text.HAL_Init
                0x08005990       0x24 build/stm32f3xx_hal.o
                0x08005990                HAL_Init
 .text.HAL_IncTick
                0x080059b4       0x18 build/stm32f3xx_hal.o
                0x080059b4                HAL_IncTick
 .text.HAL_GetTick
                0x080059cc        0xc build/stm32f3xx_hal.o
                0x080059cc                HAL_GetTick
 .text.HAL_RCC_OscConfig
                0x080059d8      0x634 build/stm32f3xx_hal_rcc.o
                0x080059d8                HAL_RCC_OscConfig
 .text.HAL_RCC_GetSysClockFreq
                0x0800600c       0x70 build/stm32f3xx_hal_rcc.o
                0x0800600c                HAL_RCC_GetSysClockFreq
 .text.HAL_RCC_ClockConfig
                0x0800607c      0x1a8 build/stm32f3xx_hal_rcc.o
                0x0800607c                HAL_RCC_ClockConfig
 .text.HAL_RCC_GetHCLKFreq
                0x08006224        0xc build/stm32f3xx_hal_rcc.o
                0x08006224                HAL_RCC_GetHCLKFreq
 .text.HAL_RCC_GetPCLK2Freq
                0x08006230       0x2c build/stm32f3xx_hal_rcc.o
                0x08006230                HAL_RCC_GetPCLK2Freq
 .text.HAL_RCC_GetClockConfig
                0x0800625c       0x3c build/stm32f3xx_hal_rcc.o
                0x0800625c                HAL_RCC_GetClockConfig
 .text.HAL_GPIO_Init
                0x08006298      0x1bc build/stm32f3xx_hal_gpio.o
                0x08006298                HAL_GPIO_Init
 .text.HAL_GPIO_WritePin
                0x08006454        0xa build/stm32f3xx_hal_gpio.o
                0x08006454                HAL_GPIO_WritePin
 .text.HAL_GPIO_TogglePin
                0x0800645e       0x12 build/stm32f3xx_hal_gpio.o
                0x0800645e                HAL_GPIO_TogglePin
 .text.HAL_NVIC_SetPriorityGrouping
                0x08006470       0x24 build/stm32f3xx_hal_cortex.o
                0x08006470                HAL_NVIC_SetPriorityGrouping
 .text.HAL_NVIC_SetPriority
                0x08006494       0x70 build/stm32f3xx_hal_cortex.o
                0x08006494                HAL_NVIC_SetPriority
 .text.HAL_NVIC_EnableIRQ
                0x08006504       0x1c build/stm32f3xx_hal_cortex.o
                0x08006504                HAL_NVIC_EnableIRQ
 .text.HAL_NVIC_SystemReset
                0x08006520       0x24 build/stm32f3xx_hal_cortex.o
                0x08006520                HAL_NVIC_SystemReset
 .text.HAL_FLASH_Lock
                0x08006544       0x14 build/stm32f3xx_hal_flash.o
                0x08006544                HAL_FLASH_Lock
 .text.HAL_TIM_IC_MspInit
                0x08006558        0x2 build/stm32f3xx_hal_tim.o
                0x08006558                HAL_TIM_IC_MspInit
 .text.HAL_TIM_PeriodElapsedHalfCpltCallback
                0x0800655a        0x2 build/stm32f3xx_hal_tim.o
                0x0800655a                HAL_TIM_PeriodElapsedHalfCpltCallback
 .text.HAL_TIM_OC_DelayElapsedCallback
                0x0800655c        0x2 build/stm32f3xx_hal_tim.o
                0x0800655c                HAL_TIM_OC_DelayElapsedCallback
 .text.HAL_TIM_IC_CaptureHalfCpltCallback
                0x0800655e        0x2 build/stm32f3xx_hal_tim.o
                0x0800655e                HAL_TIM_IC_CaptureHalfCpltCallback
 .text.HAL_TIM_PWM_PulseFinishedCallback
                0x08006560        0x2 build/stm32f3xx_hal_tim.o
                0x08006560                HAL_TIM_PWM_PulseFinishedCallback
 .text.HAL_TIM_PWM_PulseFinishedHalfCpltCallback
                0x08006562        0x2 build/stm32f3xx_hal_tim.o
                0x08006562                HAL_TIM_PWM_PulseFinishedHalfCpltCallback
 .text.HAL_TIM_TriggerCallback
                0x08006564        0x2 build/stm32f3xx_hal_tim.o
                0x08006564                HAL_TIM_TriggerCallback
 .text.HAL_TIM_TriggerHalfCpltCallback
                0x08006566        0x2 build/stm32f3xx_hal_tim.o
                0x08006566                HAL_TIM_TriggerHalfCpltCallback
 .text.HAL_TIM_ErrorCallback
                0x08006568        0x2 build/stm32f3xx_hal_tim.o
                0x08006568                HAL_TIM_ErrorCallback
 .text.TIM_TI1_ConfigInputStage
                0x0800656a       0x26 build/stm32f3xx_hal_tim.o
 .text.TIM_TI2_SetConfig
                0x08006590       0x36 build/stm32f3xx_hal_tim.o
 .text.TIM_TI2_ConfigInputStage
                0x080065c6       0x28 build/stm32f3xx_hal_tim.o
 .text.TIM_TI3_SetConfig
                0x080065ee       0x36 build/stm32f3xx_hal_tim.o
 .text.TIM_TI4_SetConfig
                0x08006624       0x36 build/stm32f3xx_hal_tim.o
 .text.TIM_ITRx_SetConfig
                0x0800665a       0x10 build/stm32f3xx_hal_tim.o
 *fill*         0x0800666a        0x2 
 .text.HAL_TIM_Base_Start
                0x0800666c       0x6c build/stm32f3xx_hal_tim.o
                0x0800666c                HAL_TIM_Base_Start
 .text.HAL_TIM_Base_Start_IT
                0x080066d8       0x74 build/stm32f3xx_hal_tim.o
                0x080066d8                HAL_TIM_Base_Start_IT
 .text.HAL_TIM_IRQHandler
                0x0800674c      0x1b8 build/stm32f3xx_hal_tim.o
                0x0800674c                HAL_TIM_IRQHandler
 .text.HAL_TIM_ReadCapturedValue
                0x08006904       0x32 build/stm32f3xx_hal_tim.o
                0x08006904                HAL_TIM_ReadCapturedValue
 .text.HAL_TIM_RegisterCallback
                0x08006936      0x1a6 build/stm32f3xx_hal_tim.o
                0x08006936                HAL_TIM_RegisterCallback
 .text.TIM_Base_SetConfig
                0x08006adc       0x90 build/stm32f3xx_hal_tim.o
                0x08006adc                TIM_Base_SetConfig
 .text.TIM_TI1_SetConfig
                0x08006b6c       0x58 build/stm32f3xx_hal_tim.o
                0x08006b6c                TIM_TI1_SetConfig
 .text.HAL_TIM_IC_ConfigChannel
                0x08006bc4       0xc4 build/stm32f3xx_hal_tim.o
                0x08006bc4                HAL_TIM_IC_ConfigChannel
 .text.TIM_ETR_SetConfig
                0x08006c88       0x1a build/stm32f3xx_hal_tim.o
                0x08006c88                TIM_ETR_SetConfig
 *fill*         0x08006ca2        0x2 
 .text.HAL_TIM_ConfigClockSource
                0x08006ca4      0x100 build/stm32f3xx_hal_tim.o
                0x08006ca4                HAL_TIM_ConfigClockSource
 .text.TIM_ResetCallback
                0x08006da4       0x90 build/stm32f3xx_hal_tim.o
                0x08006da4                TIM_ResetCallback
 .text.HAL_TIM_Base_Init
                0x08006e34       0x74 build/stm32f3xx_hal_tim.o
                0x08006e34                HAL_TIM_Base_Init
 .text.HAL_TIM_IC_Init
                0x08006ea8       0x74 build/stm32f3xx_hal_tim.o
                0x08006ea8                HAL_TIM_IC_Init
 .text.HAL_TIMEx_MasterConfigSynchronization
                0x08006f1c       0x78 build/stm32f3xx_hal_tim_ex.o
                0x08006f1c                HAL_TIMEx_MasterConfigSynchronization
 .text.HAL_TIMEx_CommutCallback
                0x08006f94        0x2 build/stm32f3xx_hal_tim_ex.o
                0x08006f94                HAL_TIMEx_CommutCallback
 .text.HAL_TIMEx_CommutHalfCpltCallback
                0x08006f96        0x2 build/stm32f3xx_hal_tim_ex.o
                0x08006f96                HAL_TIMEx_CommutHalfCpltCallback
 .text.HAL_TIMEx_BreakCallback
                0x08006f98        0x2 build/stm32f3xx_hal_tim_ex.o
                0x08006f98                HAL_TIMEx_BreakCallback
 .text.HAL_TIMEx_Break2Callback
                0x08006f9a        0x2 build/stm32f3xx_hal_tim_ex.o
                0x08006f9a                HAL_TIMEx_Break2Callback
 .text.SystemInit
                0x08006f9c       0x14 build/system_stm32f3xx.o
                0x08006f9c                SystemInit
 .text.vListInitialise
                0x08006fb0       0x16 build/list.o
                0x08006fb0                vListInitialise
 .text.vListInitialiseItem
                0x08006fc6        0x6 build/list.o
                0x08006fc6                vListInitialiseItem
 .text.vListInsertEnd
                0x08006fcc       0x16 build/list.o
                0x08006fcc                vListInsertEnd
 .text.vListInsert
                0x08006fe2       0x32 build/list.o
                0x08006fe2                vListInsert
 .text.uxListRemove
                0x08007014       0x26 build/list.o
                0x08007014                uxListRemove
 .text.prvIsQueueFull
                0x0800703a       0x1e build/queue.o
 .text.prvIsQueueEmpty
                0x08007058       0x1a build/queue.o
 .text.prvCopyDataToQueue
                0x08007072       0x76 build/queue.o
 .text.prvCopyDataFromQueue
                0x080070e8       0x24 build/queue.o
 .text.prvUnlockQueue
                0x0800710c       0x6e build/queue.o
 .text.xQueueGenericReset
                0x0800717a       0x84 build/queue.o
                0x0800717a                xQueueGenericReset
 .text.prvInitialiseNewQueue
                0x080071fe       0x22 build/queue.o
 .text.xQueueGenericCreateStatic
                0x08007220       0x92 build/queue.o
                0x08007220                xQueueGenericCreateStatic
 .text.xQueueGenericSend
                0x080072b2      0x188 build/queue.o
                0x080072b2                xQueueGenericSend
 .text.xQueueGenericSendFromISR
                0x0800743a       0xcc build/queue.o
                0x0800743a                xQueueGenericSendFromISR
 .text.xQueueReceive
                0x08007506      0x15e build/queue.o
                0x08007506                xQueueReceive
 .text.vQueueAddToRegistry
                0x08007664       0x28 build/queue.o
                0x08007664                vQueueAddToRegistry
 .text.vQueueWaitForMessageRestricted
                0x0800768c       0x52 build/queue.o
                0x0800768c                vQueueWaitForMessageRestricted
 *fill*         0x080076de        0x2 
 .text.prvResetNextTaskUnblockTime
                0x080076e0       0x2c build/tasks.o
 .text.prvInitialiseNewTask
                0x0800770c       0x9c build/tasks.o
 .text.prvInitialiseTaskLists
                0x080077a8       0x68 build/tasks.o
 .text.prvAddNewTaskToReadyList
                0x08007810       0xac build/tasks.o
 .text.prvDeleteTCB
                0x080078bc       0x38 build/tasks.o
 .text.prvCheckTasksWaitingTermination
                0x080078f4       0x4c build/tasks.o
 .text.prvIdleTask
                0x08007940       0x28 build/tasks.o
 .text.prvAddCurrentTaskToDelayedList
                0x08007968       0x7c build/tasks.o
 .text.xTaskCreateStatic
                0x080079e4       0x74 build/tasks.o
                0x080079e4                xTaskCreateStatic
 .text.xTaskCreate
                0x08007a58       0x68 build/tasks.o
                0x08007a58                xTaskCreate
 .text.vTaskStartScheduler
                0x08007ac0       0x9c build/tasks.o
                0x08007ac0                vTaskStartScheduler
 .text.vTaskSuspendAll
                0x08007b5c       0x10 build/tasks.o
                0x08007b5c                vTaskSuspendAll
 .text.xTaskGetTickCount
                0x08007b6c        0xc build/tasks.o
                0x08007b6c                xTaskGetTickCount
 .text.xTaskIncrementTick
                0x08007b78      0x118 build/tasks.o
                0x08007b78                xTaskIncrementTick
 .text.xTaskResumeAll
                0x08007c90       0xf8 build/tasks.o
                0x08007c90                xTaskResumeAll
 .text.vTaskDelay
                0x08007d88       0x4c build/tasks.o
                0x08007d88                vTaskDelay
 .text.vTaskSwitchContext
                0x08007dd4       0x94 build/tasks.o
                0x08007dd4                vTaskSwitchContext
 .text.vTaskPlaceOnEventList
                0x08007e68       0x30 build/tasks.o
                0x08007e68                vTaskPlaceOnEventList
 .text.vTaskPlaceOnEventListRestricted
                0x08007e98       0x38 build/tasks.o
                0x08007e98                vTaskPlaceOnEventListRestricted
 .text.xTaskRemoveFromEventList
                0x08007ed0       0x8c build/tasks.o
                0x08007ed0                xTaskRemoveFromEventList
 .text.vTaskInternalSetTimeOutState
                0x08007f5c       0x18 build/tasks.o
                0x08007f5c                vTaskInternalSetTimeOutState
 .text.xTaskCheckForTimeOut
                0x08007f74       0x84 build/tasks.o
                0x08007f74                xTaskCheckForTimeOut
 .text.vTaskMissedYield
                0x08007ff8        0xc build/tasks.o
                0x08007ff8                vTaskMissedYield
 .text.xTaskGetSchedulerState
                0x08008004       0x20 build/tasks.o
                0x08008004                xTaskGetSchedulerState
 .text.xTaskPriorityDisinherit
                0x08008024       0x90 build/tasks.o
                0x08008024                xTaskPriorityDisinherit
 .text.prvGetNextExpireTime
                0x080080b4       0x20 build/timers.o
 .text.prvInsertTimerInActiveList
                0x080080d4       0x48 build/timers.o
 .text.prvCheckForValidListAndQueue
                0x0800811c       0x70 build/timers.o
 .text.xTimerCreateTimerTask
                0x0800818c       0x64 build/timers.o
                0x0800818c                xTimerCreateTimerTask
 .text.xTimerGenericCommand
                0x080081f0       0x6c build/timers.o
                0x080081f0                xTimerGenericCommand
 .text.prvSwitchTimerLists
                0x0800825c       0x78 build/timers.o
 .text.prvSampleTimeNow
                0x080082d4       0x2c build/timers.o
 .text.prvProcessExpiredTimer
                0x08008300       0x60 build/timers.o
 .text.prvProcessTimerOrBlockTask
                0x08008360       0x74 build/timers.o
 .text.prvProcessReceivedCommands
                0x080083d4       0xf8 build/timers.o
 .text.prvTimerTask
                0x080084cc       0x16 build/timers.o
 *fill*         0x080084e2        0x2 
 .text.osKernelInitialize
                0x080084e4       0x44 build/cmsis_os2.o
                0x080084e4                osKernelInitialize
 .text.osKernelStart
                0x08008528       0x4c build/cmsis_os2.o
                0x08008528                osKernelStart
 .text.osThreadNew
                0x08008574       0xec build/cmsis_os2.o
                0x08008574                osThreadNew
 .text.osDelay  0x08008660       0x44 build/cmsis_os2.o
                0x08008660                osDelay
 .text.vApplicationGetIdleTaskMemory
                0x080086a4       0x18 build/cmsis_os2.o
                0x080086a4                vApplicationGetIdleTaskMemory
 .text.vApplicationGetTimerTaskMemory
                0x080086bc       0x18 build/cmsis_os2.o
                0x080086bc                vApplicationGetTimerTaskMemory
 .text.prvHeapInit
                0x080086d4       0x64 build/heap_4.o
 .text.prvInsertBlockIntoFreeList
                0x08008738       0x64 build/heap_4.o
 .text.pvPortMalloc
                0x0800879c       0xf0 build/heap_4.o
                0x0800879c                pvPortMalloc
 .text.vPortFree
                0x0800888c       0x70 build/heap_4.o
                0x0800888c                vPortFree
 .text.prvTaskExitError
                0x080088fc       0x40 build/port.o
 .text.prvPortStartFirstTask
                0x0800893c       0x28 build/port.o
 .text.vPortEnableVFP
                0x08008964       0x14 build/port.o
 .text.pxPortInitialiseStack
                0x08008978       0x2c build/port.o
                0x08008978                pxPortInitialiseStack
 *fill*         0x080089a4        0xc 
 .text.SVC_Handler
                0x080089b0       0x24 build/port.o
                0x080089b0                SVC_Handler
 .text.vPortEnterCritical
                0x080089d4       0x44 build/port.o
                0x080089d4                vPortEnterCritical
 .text.vPortExitCritical
                0x08008a18       0x2c build/port.o
                0x08008a18                vPortExitCritical
 *fill*         0x08008a44        0xc 
 .text.PendSV_Handler
                0x08008a50       0x64 build/port.o
                0x08008a50                PendSV_Handler
 .text.SysTick_Handler
                0x08008ab4       0x2c build/port.o
                0x08008ab4                SysTick_Handler
 .text.vPortSetupTimerInterrupt
                0x08008ae0       0x28 build/port.o
                0x08008ae0                vPortSetupTimerInterrupt
 .text.xPortStartScheduler
                0x08008b08      0x118 build/port.o
                0x08008b08                xPortStartScheduler
 .text.vPortValidateInterruptPriority
                0x08008c20       0x5c build/port.o
                0x08008c20                vPortValidateInterruptPriority
 .text.Reset_Handler
                0x08008c7c       0x50 build/startup_stm32f303x8.o
                0x08008c7c                Reset_Handler
 .text.Default_Handler
                0x08008ccc        0x2 build/startup_stm32f303x8.o
                0x08008ccc                RTC_Alarm_IRQHandler
                0x08008ccc                TIM1_CC_IRQHandler
                0x08008ccc                PVD_IRQHandler
                0x08008ccc                TAMP_STAMP_IRQHandler
                0x08008ccc                EXTI3_IRQHandler
                0x08008ccc                EXTI0_IRQHandler
                0x08008ccc                FPU_IRQHandler
                0x08008ccc                ADC1_2_IRQHandler
                0x08008ccc                SPI1_IRQHandler
                0x08008ccc                CAN_SCE_IRQHandler
                0x08008ccc                DMA1_Channel4_IRQHandler
                0x08008ccc                USART3_IRQHandler
                0x08008ccc                DMA1_Channel7_IRQHandler
                0x08008ccc                TIM7_DAC2_IRQHandler
                0x08008ccc                I2C1_EV_IRQHandler
                0x08008ccc                DMA1_Channel6_IRQHandler
                0x08008ccc                TIM3_IRQHandler
                0x08008ccc                RCC_IRQHandler
                0x08008ccc                DMA1_Channel1_IRQHandler
                0x08008ccc                Default_Handler
                0x08008ccc                EXTI15_10_IRQHandler
                0x08008ccc                COMP2_IRQHandler
                0x08008ccc                TIM6_DAC1_IRQHandler
                0x08008ccc                EXTI9_5_IRQHandler
                0x08008ccc                RTC_WKUP_IRQHandler
                0x08008ccc                DMA1_Channel5_IRQHandler
                0x08008ccc                EXTI4_IRQHandler
                0x08008ccc                DMA1_Channel3_IRQHandler
                0x08008ccc                WWDG_IRQHandler
                0x08008ccc                EXTI1_IRQHandler
                0x08008ccc                COMP4_6_IRQHandler
                0x08008ccc                USART2_IRQHandler
                0x08008ccc                DMA1_Channel2_IRQHandler
                0x08008ccc                FLASH_IRQHandler
                0x08008ccc                USART1_IRQHandler
                0x08008ccc                I2C1_ER_IRQHandler
                0x08008ccc                EXTI2_TSC_IRQHandler
                0x08008ccc                TIM1_BRK_TIM15_IRQHandler
 *fill*         0x08008cce        0x2 
 .text.calloc   0x08008cd0       0x10 c:/program files (x86)/gnu arm embedded toolchain/10 2021.10/bin/../lib/gcc/arm-none-eabi/10.3.1/../../../../arm-none-eabi/lib/thumb/v7e-m+fp/hard\libc_nano.a(lib_a-calloc.o)
                0x08008cd0                calloc
 .text.__sflush_r
                0x08008ce0      0x10c c:/program files (x86)/gnu arm embedded toolchain/10 2021.10/bin/../lib/gcc/arm-none-eabi/10.3.1/../../../../arm-none-eabi/lib/thumb/v7e-m+fp/hard\libc_nano.a(lib_a-fflush.o)
                0x08008ce0                __sflush_r
 .text._fflush_r
                0x08008dec       0x78 c:/program files (x86)/gnu arm embedded toolchain/10 2021.10/bin/../lib/gcc/arm-none-eabi/10.3.1/../../../../arm-none-eabi/lib/thumb/v7e-m+fp/hard\libc_nano.a(lib_a-fflush.o)
                0x08008dec                _fflush_r
 .text.fflush   0x08008e64       0x24 c:/program files (x86)/gnu arm embedded toolchain/10 2021.10/bin/../lib/gcc/arm-none-eabi/10.3.1/../../../../arm-none-eabi/lib/thumb/v7e-m+fp/hard\libc_nano.a(lib_a-fflush.o)
                0x08008e64                fflush
 .text.std      0x08008e88       0x48 c:/program files (x86)/gnu arm embedded toolchain/10 2021.10/bin/../lib/gcc/arm-none-eabi/10.3.1/../../../../arm-none-eabi/lib/thumb/v7e-m+fp/hard\libc_nano.a(lib_a-findfp.o)
 .text._cleanup_r
                0x08008ed0        0xc c:/program files (x86)/gnu arm embedded toolchain/10 2021.10/bin/../lib/gcc/arm-none-eabi/10.3.1/../../../../arm-none-eabi/lib/thumb/v7e-m+fp/hard\libc_nano.a(lib_a-findfp.o)
                0x08008ed0                _cleanup_r
 .text.__sfmoreglue
                0x08008edc       0x2c c:/program files (x86)/gnu arm embedded toolchain/10 2021.10/bin/../lib/gcc/arm-none-eabi/10.3.1/../../../../arm-none-eabi/lib/thumb/v7e-m+fp/hard\libc_nano.a(lib_a-findfp.o)
                0x08008edc                __sfmoreglue
 .text.__sfp_lock_acquire
                0x08008f08        0xc c:/program files (x86)/gnu arm embedded toolchain/10 2021.10/bin/../lib/gcc/arm-none-eabi/10.3.1/../../../../arm-none-eabi/lib/thumb/v7e-m+fp/hard\libc_nano.a(lib_a-findfp.o)
                0x08008f08                __sfp_lock_acquire
 .text.__sfp_lock_release
                0x08008f14        0xc c:/program files (x86)/gnu arm embedded toolchain/10 2021.10/bin/../lib/gcc/arm-none-eabi/10.3.1/../../../../arm-none-eabi/lib/thumb/v7e-m+fp/hard\libc_nano.a(lib_a-findfp.o)
                0x08008f14                __sfp_lock_release
 .text.__sinit_lock_acquire
                0x08008f20        0xc c:/program files (x86)/gnu arm embedded toolchain/10 2021.10/bin/../lib/gcc/arm-none-eabi/10.3.1/../../../../arm-none-eabi/lib/thumb/v7e-m+fp/hard\libc_nano.a(lib_a-findfp.o)
                0x08008f20                __sinit_lock_acquire
 .text.__sinit_lock_release
                0x08008f2c        0xc c:/program files (x86)/gnu arm embedded toolchain/10 2021.10/bin/../lib/gcc/arm-none-eabi/10.3.1/../../../../arm-none-eabi/lib/thumb/v7e-m+fp/hard\libc_nano.a(lib_a-findfp.o)
                0x08008f2c                __sinit_lock_release
 .text.__sinit  0x08008f38       0x70 c:/program files (x86)/gnu arm embedded toolchain/10 2021.10/bin/../lib/gcc/arm-none-eabi/10.3.1/../../../../arm-none-eabi/lib/thumb/v7e-m+fp/hard\libc_nano.a(lib_a-findfp.o)
                0x08008f38                __sinit
 .text.__sfp    0x08008fa8       0x8c c:/program files (x86)/gnu arm embedded toolchain/10 2021.10/bin/../lib/gcc/arm-none-eabi/10.3.1/../../../../arm-none-eabi/lib/thumb/v7e-m+fp/hard\libc_nano.a(lib_a-findfp.o)
                0x08008fa8                __sfp
 .text._fwalk_reent
                0x08009034       0x3e c:/program files (x86)/gnu arm embedded toolchain/10 2021.10/bin/../lib/gcc/arm-none-eabi/10.3.1/../../../../arm-none-eabi/lib/thumb/v7e-m+fp/hard\libc_nano.a(lib_a-fwalk.o)
                0x08009034                _fwalk_reent
 *fill*         0x08009072        0x2 
 .text.__libc_init_array
                0x08009074       0x48 c:/program files (x86)/gnu arm embedded toolchain/10 2021.10/bin/../lib/gcc/arm-none-eabi/10.3.1/../../../../arm-none-eabi/lib/thumb/v7e-m+fp/hard\libc_nano.a(lib_a-init.o)
                0x08009074                __libc_init_array
 .text.__retarget_lock_init_recursive
                0x080090bc        0x2 c:/program files (x86)/gnu arm embedded toolchain/10 2021.10/bin/../lib/gcc/arm-none-eabi/10.3.1/../../../../arm-none-eabi/lib/thumb/v7e-m+fp/hard\libc_nano.a(lib_a-lock.o)
                0x080090bc                __retarget_lock_init_recursive
 .text.__retarget_lock_acquire_recursive
                0x080090be        0x2 c:/program files (x86)/gnu arm embedded toolchain/10 2021.10/bin/../lib/gcc/arm-none-eabi/10.3.1/../../../../arm-none-eabi/lib/thumb/v7e-m+fp/hard\libc_nano.a(lib_a-lock.o)
                0x080090be                __retarget_lock_acquire_recursive
 .text.__retarget_lock_release_recursive
                0x080090c0        0x2 c:/program files (x86)/gnu arm embedded toolchain/10 2021.10/bin/../lib/gcc/arm-none-eabi/10.3.1/../../../../arm-none-eabi/lib/thumb/v7e-m+fp/hard\libc_nano.a(lib_a-lock.o)
                0x080090c0                __retarget_lock_release_recursive
 *fill*         0x080090c2        0x2 
 .text.free     0x080090c4       0x10 c:/program files (x86)/gnu arm embedded toolchain/10 2021.10/bin/../lib/gcc/arm-none-eabi/10.3.1/../../../../arm-none-eabi/lib/thumb/v7e-m+fp/hard\libc_nano.a(lib_a-malloc.o)
                0x080090c4                free
 .text.memcpy   0x080090d4       0x1c c:/program files (x86)/gnu arm embedded toolchain/10 2021.10/bin/../lib/gcc/arm-none-eabi/10.3.1/../../../../arm-none-eabi/lib/thumb/v7e-m+fp/hard\libc_nano.a(lib_a-memcpy-stub.o)
                0x080090d4                memcpy
 .text.memmove  0x080090f0       0x34 c:/program files (x86)/gnu arm embedded toolchain/10 2021.10/bin/../lib/gcc/arm-none-eabi/10.3.1/../../../../arm-none-eabi/lib/thumb/v7e-m+fp/hard\libc_nano.a(lib_a-memmove.o)
                0x080090f0                memmove
 .text.memset   0x08009124       0x10 c:/program files (x86)/gnu arm embedded toolchain/10 2021.10/bin/../lib/gcc/arm-none-eabi/10.3.1/../../../../arm-none-eabi/lib/thumb/v7e-m+fp/hard\libc_nano.a(lib_a-memset.o)
                0x08009124                memset
 .text._calloc_r
                0x08009134       0x2c c:/program files (x86)/gnu arm embedded toolchain/10 2021.10/bin/../lib/gcc/arm-none-eabi/10.3.1/../../../../arm-none-eabi/lib/thumb/v7e-m+fp/hard\libc_nano.a(lib_a-nano-callocr.o)
                0x08009134                _calloc_r
 .text._free_r  0x08009160       0x98 c:/program files (x86)/gnu arm embedded toolchain/10 2021.10/bin/../lib/gcc/arm-none-eabi/10.3.1/../../../../arm-none-eabi/lib/thumb/v7e-m+fp/hard\libc_nano.a(lib_a-nano-freer.o)
                0x08009160                _free_r
 .text.sbrk_aligned
                0x080091f8       0x40 c:/program files (x86)/gnu arm embedded toolchain/10 2021.10/bin/../lib/gcc/arm-none-eabi/10.3.1/../../../../arm-none-eabi/lib/thumb/v7e-m+fp/hard\libc_nano.a(lib_a-nano-mallocr.o)
 .text._malloc_r
                0x08009238       0xe8 c:/program files (x86)/gnu arm embedded toolchain/10 2021.10/bin/../lib/gcc/arm-none-eabi/10.3.1/../../../../arm-none-eabi/lib/thumb/v7e-m+fp/hard\libc_nano.a(lib_a-nano-mallocr.o)
                0x08009238                _malloc_r
 .text.printf   0x08009320       0x30 c:/program files (x86)/gnu arm embedded toolchain/10 2021.10/bin/../lib/gcc/arm-none-eabi/10.3.1/../../../../arm-none-eabi/lib/thumb/v7e-m+fp/hard\libc_nano.a(lib_a-printf.o)
                0x08009320                iprintf
                0x08009320                printf
 .text._puts_r  0x08009350       0xdc c:/program files (x86)/gnu arm embedded toolchain/10 2021.10/bin/../lib/gcc/arm-none-eabi/10.3.1/../../../../arm-none-eabi/lib/thumb/v7e-m+fp/hard\libc_nano.a(lib_a-puts.o)
                0x08009350                _puts_r
 .text.puts     0x0800942c       0x10 c:/program files (x86)/gnu arm embedded toolchain/10 2021.10/bin/../lib/gcc/arm-none-eabi/10.3.1/../../../../arm-none-eabi/lib/thumb/v7e-m+fp/hard\libc_nano.a(lib_a-puts.o)
                0x0800942c                puts
 .text._sbrk_r  0x0800943c       0x20 c:/program files (x86)/gnu arm embedded toolchain/10 2021.10/bin/../lib/gcc/arm-none-eabi/10.3.1/../../../../arm-none-eabi/lib/thumb/v7e-m+fp/hard\libc_nano.a(lib_a-sbrkr.o)
                0x0800943c                _sbrk_r
 .text.__sread  0x0800945c       0x22 c:/program files (x86)/gnu arm embedded toolchain/10 2021.10/bin/../lib/gcc/arm-none-eabi/10.3.1/../../../../arm-none-eabi/lib/thumb/v7e-m+fp/hard\libc_nano.a(lib_a-stdio.o)
                0x0800945c                __sread
 .text.__swrite
                0x0800947e       0x38 c:/program files (x86)/gnu arm embedded toolchain/10 2021.10/bin/../lib/gcc/arm-none-eabi/10.3.1/../../../../arm-none-eabi/lib/thumb/v7e-m+fp/hard\libc_nano.a(lib_a-stdio.o)
                0x0800947e                __swrite
 .text.__sseek  0x080094b6       0x24 c:/program files (x86)/gnu arm embedded toolchain/10 2021.10/bin/../lib/gcc/arm-none-eabi/10.3.1/../../../../arm-none-eabi/lib/thumb/v7e-m+fp/hard\libc_nano.a(lib_a-stdio.o)
                0x080094b6                __sseek
 .text.__sclose
                0x080094da        0x8 c:/program files (x86)/gnu arm embedded toolchain/10 2021.10/bin/../lib/gcc/arm-none-eabi/10.3.1/../../../../arm-none-eabi/lib/thumb/v7e-m+fp/hard\libc_nano.a(lib_a-stdio.o)
                0x080094da                __sclose
 *fill*         0x080094e2        0x2 
 .text.__swbuf_r
                0x080094e4       0xa4 c:/program files (x86)/gnu arm embedded toolchain/10 2021.10/bin/../lib/gcc/arm-none-eabi/10.3.1/../../../../arm-none-eabi/lib/thumb/v7e-m+fp/hard\libc_nano.a(lib_a-wbuf.o)
                0x080094e4                __swbuf_r
 .text._write_r
                0x08009588       0x24 c:/program files (x86)/gnu arm embedded toolchain/10 2021.10/bin/../lib/gcc/arm-none-eabi/10.3.1/../../../../arm-none-eabi/lib/thumb/v7e-m+fp/hard\libc_nano.a(lib_a-writer.o)
                0x08009588                _write_r
 .text.__swsetup_r
                0x080095ac       0xdc c:/program files (x86)/gnu arm embedded toolchain/10 2021.10/bin/../lib/gcc/arm-none-eabi/10.3.1/../../../../arm-none-eabi/lib/thumb/v7e-m+fp/hard\libc_nano.a(lib_a-wsetup.o)
                0x080095ac                __swsetup_r
 .text._close_r
                0x08009688       0x20 c:/program files (x86)/gnu arm embedded toolchain/10 2021.10/bin/../lib/gcc/arm-none-eabi/10.3.1/../../../../arm-none-eabi/lib/thumb/v7e-m+fp/hard\libc_nano.a(lib_a-closer.o)
                0x08009688                _close_r
 .text._lseek_r
                0x080096a8       0x24 c:/program files (x86)/gnu arm embedded toolchain/10 2021.10/bin/../lib/gcc/arm-none-eabi/10.3.1/../../../../arm-none-eabi/lib/thumb/v7e-m+fp/hard\libc_nano.a(lib_a-lseekr.o)
                0x080096a8                _lseek_r
 .text.__swhatbuf_r
                0x080096cc       0x4a c:/program files (x86)/gnu arm embedded toolchain/10 2021.10/bin/../lib/gcc/arm-none-eabi/10.3.1/../../../../arm-none-eabi/lib/thumb/v7e-m+fp/hard\libc_nano.a(lib_a-makebuf.o)
                0x080096cc                __swhatbuf_r
 *fill*         0x08009716        0x2 
 .text.__smakebuf_r
                0x08009718       0x80 c:/program files (x86)/gnu arm embedded toolchain/10 2021.10/bin/../lib/gcc/arm-none-eabi/10.3.1/../../../../arm-none-eabi/lib/thumb/v7e-m+fp/hard\libc_nano.a(lib_a-makebuf.o)
                0x08009718                __smakebuf_r
 .text.__malloc_lock
                0x08009798        0xc c:/program files (x86)/gnu arm embedded toolchain/10 2021.10/bin/../lib/gcc/arm-none-eabi/10.3.1/../../../../arm-none-eabi/lib/thumb/v7e-m+fp/hard\libc_nano.a(lib_a-mlock.o)
                0x08009798                __malloc_lock
 .text.__malloc_unlock
                0x080097a4        0xc c:/program files (x86)/gnu arm embedded toolchain/10 2021.10/bin/../lib/gcc/arm-none-eabi/10.3.1/../../../../arm-none-eabi/lib/thumb/v7e-m+fp/hard\libc_nano.a(lib_a-mlock.o)
                0x080097a4                __malloc_unlock
 .text.__sfputc_r
                0x080097b0       0x2e c:/program files (x86)/gnu arm embedded toolchain/10 2021.10/bin/../lib/gcc/arm-none-eabi/10.3.1/../../../../arm-none-eabi/lib/thumb/v7e-m+fp/hard\libc_nano.a(lib_a-nano-vfprintf.o)
 .text.__sfputs_r
                0x080097de       0x24 c:/program files (x86)/gnu arm embedded toolchain/10 2021.10/bin/../lib/gcc/arm-none-eabi/10.3.1/../../../../arm-none-eabi/lib/thumb/v7e-m+fp/hard\libc_nano.a(lib_a-nano-vfprintf.o)
                0x080097de                __sfputs_r
 *fill*         0x08009802        0x2 
 .text._vfprintf_r
                0x08009804      0x260 c:/program files (x86)/gnu arm embedded toolchain/10 2021.10/bin/../lib/gcc/arm-none-eabi/10.3.1/../../../../arm-none-eabi/lib/thumb/v7e-m+fp/hard\libc_nano.a(lib_a-nano-vfprintf.o)
                0x08009804                _vfprintf_r
                0x08009804                _vfiprintf_r
 .text._printf_common
                0x08009a64       0xda c:/program files (x86)/gnu arm embedded toolchain/10 2021.10/bin/../lib/gcc/arm-none-eabi/10.3.1/../../../../arm-none-eabi/lib/thumb/v7e-m+fp/hard\libc_nano.a(lib_a-nano-vfprintf_i.o)
                0x08009a64                _printf_common
 *fill*         0x08009b3e        0x2 
 .text._printf_i
                0x08009b40      0x24c c:/program files (x86)/gnu arm embedded toolchain/10 2021.10/bin/../lib/gcc/arm-none-eabi/10.3.1/../../../../arm-none-eabi/lib/thumb/v7e-m+fp/hard\libc_nano.a(lib_a-nano-vfprintf_i.o)
                0x08009b40                _printf_i
 .text._read_r  0x08009d8c       0x24 c:/program files (x86)/gnu arm embedded toolchain/10 2021.10/bin/../lib/gcc/arm-none-eabi/10.3.1/../../../../arm-none-eabi/lib/thumb/v7e-m+fp/hard\libc_nano.a(lib_a-readr.o)
                0x08009d8c                _read_r
 .text._fstat_r
                0x08009db0       0x24 c:/program files (x86)/gnu arm embedded toolchain/10 2021.10/bin/../lib/gcc/arm-none-eabi/10.3.1/../../../../arm-none-eabi/lib/thumb/v7e-m+fp/hard\libc_nano.a(lib_a-fstatr.o)
                0x08009db0                _fstat_r
 .text._isatty_r
                0x08009dd4       0x20 c:/program files (x86)/gnu arm embedded toolchain/10 2021.10/bin/../lib/gcc/arm-none-eabi/10.3.1/../../../../arm-none-eabi/lib/thumb/v7e-m+fp/hard\libc_nano.a(lib_a-isattyr.o)
                0x08009dd4                _isatty_r
 .text._close   0x08009df4       0x10 c:/program files (x86)/gnu arm embedded toolchain/10 2021.10/bin/../lib/gcc/arm-none-eabi/10.3.1/../../../../arm-none-eabi/lib/thumb/v7e-m+fp/hard\libnosys.a(close.o)
                0x08009df4                _close
 .text._fstat   0x08009e04       0x10 c:/program files (x86)/gnu arm embedded toolchain/10 2021.10/bin/../lib/gcc/arm-none-eabi/10.3.1/../../../../arm-none-eabi/lib/thumb/v7e-m+fp/hard\libnosys.a(fstat.o)
                0x08009e04                _fstat
 .text._isatty  0x08009e14       0x10 c:/program files (x86)/gnu arm embedded toolchain/10 2021.10/bin/../lib/gcc/arm-none-eabi/10.3.1/../../../../arm-none-eabi/lib/thumb/v7e-m+fp/hard\libnosys.a(isatty.o)
                0x08009e14                _isatty
 .text._lseek   0x08009e24       0x10 c:/program files (x86)/gnu arm embedded toolchain/10 2021.10/bin/../lib/gcc/arm-none-eabi/10.3.1/../../../../arm-none-eabi/lib/thumb/v7e-m+fp/hard\libnosys.a(lseek.o)
                0x08009e24                _lseek
 .text._read    0x08009e34       0x10 c:/program files (x86)/gnu arm embedded toolchain/10 2021.10/bin/../lib/gcc/arm-none-eabi/10.3.1/../../../../arm-none-eabi/lib/thumb/v7e-m+fp/hard\libnosys.a(read.o)
                0x08009e34                _read
 .text._sbrk    0x08009e44       0x1c c:/program files (x86)/gnu arm embedded toolchain/10 2021.10/bin/../lib/gcc/arm-none-eabi/10.3.1/../../../../arm-none-eabi/lib/thumb/v7e-m+fp/hard\libnosys.a(sbrk.o)
                0x08009e44                _sbrk
 .text._write   0x08009e60       0x10 c:/program files (x86)/gnu arm embedded toolchain/10 2021.10/bin/../lib/gcc/arm-none-eabi/10.3.1/../../../../arm-none-eabi/lib/thumb/v7e-m+fp/hard\libnosys.a(write.o)
                0x08009e60                _write
 *(.glue_7)
 .glue_7        0x08009e70        0x0 linker stubs
 *(.glue_7t)
 .glue_7t       0x08009e70        0x0 linker stubs
 *(.eh_frame)
 .eh_frame      0x08009e70        0x0 c:/program files (x86)/gnu arm embedded toolchain/10 2021.10/bin/../lib/gcc/arm-none-eabi/10.3.1/thumb/v7e-m+fp/hard/crtbegin.o
 *(.init)
 .init          0x08009e70        0x4 c:/program files (x86)/gnu arm embedded toolchain/10 2021.10/bin/../lib/gcc/arm-none-eabi/10.3.1/thumb/v7e-m+fp/hard/crti.o
                0x08009e70                _init
 .init          0x08009e74        0x8 c:/program files (x86)/gnu arm embedded toolchain/10 2021.10/bin/../lib/gcc/arm-none-eabi/10.3.1/thumb/v7e-m+fp/hard/crtn.o
 *(.fini)
 .fini          0x08009e7c        0x4 c:/program files (x86)/gnu arm embedded toolchain/10 2021.10/bin/../lib/gcc/arm-none-eabi/10.3.1/thumb/v7e-m+fp/hard/crti.o
                0x08009e7c                _fini
 .fini          0x08009e80        0x8 c:/program files (x86)/gnu arm embedded toolchain/10 2021.10/bin/../lib/gcc/arm-none-eabi/10.3.1/thumb/v7e-m+fp/hard/crtn.o
                0x08009e88                . = ALIGN (0x4)
                0x08009e88                _etext = .

.vfp11_veneer   0x08009e88        0x0
 .vfp11_veneer  0x08009e88        0x0 linker stubs

.v4_bx          0x08009e88        0x0
 .v4_bx         0x08009e88        0x0 linker stubs

.iplt           0x08009e88        0x0
 .iplt          0x08009e88        0x0 c:/program files (x86)/gnu arm embedded toolchain/10 2021.10/bin/../lib/gcc/arm-none-eabi/10.3.1/thumb/v7e-m+fp/hard/crtbegin.o

.rodata         0x08009e88      0x568
                0x08009e88                . = ALIGN (0x4)
 *(.rodata)
 *(.rodata*)
 .rodata.str1.4
                0x08009e88        0xc build/freertos.o
 .rodata.canopenTask_attributes
                0x08009e94       0x24 build/freertos.o
                0x08009e94                canopenTask_attributes
 .rodata.abortCodes.0
                0x08009eb8       0x68 build/CO_ODinterface.o
 .rodata.CO_LSS_bitTimingTableLookup
                0x08009f20       0x14 build/CO_LSSslave.o
 .rodata.canopen_app_resetCommunication.str1.4
                0x08009f34      0x139 build/CO_app_STM32.o
 *fill*         0x0800a06d        0x3 
 .rodata.canopen_app_init.str1.4
                0x0800a070       0x48 build/CO_app_STM32.o
 .rodata.canopen_app_process.str1.4
                0x0800a0b8       0x41 build/CO_app_STM32.o
 *fill*         0x0800a0f9        0x3 
 .rodata.ODObjs
                0x0800a0fc      0x20c build/OD.o
 .rodata.aPLLMULFactorTable
                0x0800a308       0x10 build/stm32f3xx_hal_rcc.o
 .rodata.aPredivFactorTable
                0x0800a318       0x10 build/stm32f3xx_hal_rcc.o
 .rodata.AHBPrescTable
                0x0800a328       0x10 build/system_stm32f3xx.o
                0x0800a328                AHBPrescTable
 .rodata.APBPrescTable
                0x0800a338        0x8 build/system_stm32f3xx.o
                0x0800a338                APBPrescTable
 .rodata.vTaskStartScheduler.str1.4
                0x0800a340        0x5 build/tasks.o
 *fill*         0x0800a345        0x3 
 .rodata.prvCheckForValidListAndQueue.str1.4
                0x0800a348        0x5 build/timers.o
 *fill*         0x0800a34d        0x3 
 .rodata.xTimerCreateTimerTask.str1.4
                0x0800a350        0x8 build/timers.o
 .rodata.__sf_fake_stderr
                0x0800a358       0x20 c:/program files (x86)/gnu arm embedded toolchain/10 2021.10/bin/../lib/gcc/arm-none-eabi/10.3.1/../../../../arm-none-eabi/lib/thumb/v7e-m+fp/hard\libc_nano.a(lib_a-findfp.o)
                0x0800a358                __sf_fake_stderr
 .rodata.__sf_fake_stdin
                0x0800a378       0x20 c:/program files (x86)/gnu arm embedded toolchain/10 2021.10/bin/../lib/gcc/arm-none-eabi/10.3.1/../../../../arm-none-eabi/lib/thumb/v7e-m+fp/hard\libc_nano.a(lib_a-findfp.o)
                0x0800a378                __sf_fake_stdin
 .rodata.__sf_fake_stdout
                0x0800a398       0x20 c:/program files (x86)/gnu arm embedded toolchain/10 2021.10/bin/../lib/gcc/arm-none-eabi/10.3.1/../../../../arm-none-eabi/lib/thumb/v7e-m+fp/hard\libc_nano.a(lib_a-findfp.o)
                0x0800a398                __sf_fake_stdout
 .rodata._global_impure_ptr
                0x0800a3b8        0x4 c:/program files (x86)/gnu arm embedded toolchain/10 2021.10/bin/../lib/gcc/arm-none-eabi/10.3.1/../../../../arm-none-eabi/lib/thumb/v7e-m+fp/hard\libc_nano.a(lib_a-impure.o)
                0x0800a3b8                _global_impure_ptr
 .rodata._vfprintf_r.str1.1
                0x0800a3bc       0x11 c:/program files (x86)/gnu arm embedded toolchain/10 2021.10/bin/../lib/gcc/arm-none-eabi/10.3.1/../../../../arm-none-eabi/lib/thumb/v7e-m+fp/hard\libc_nano.a(lib_a-nano-vfprintf.o)
 .rodata._printf_i.str1.1
                0x0800a3cd       0x22 c:/program files (x86)/gnu arm embedded toolchain/10 2021.10/bin/../lib/gcc/arm-none-eabi/10.3.1/../../../../arm-none-eabi/lib/thumb/v7e-m+fp/hard\libc_nano.a(lib_a-nano-vfprintf_i.o)
                0x0800a3f0                . = ALIGN (0x4)
 *fill*         0x0800a3ef        0x1 

.rel.dyn        0x0800a3f0        0x0
 .rel.iplt      0x0800a3f0        0x0 c:/program files (x86)/gnu arm embedded toolchain/10 2021.10/bin/../lib/gcc/arm-none-eabi/10.3.1/thumb/v7e-m+fp/hard/crtbegin.o

.ARM.extab
 *(.ARM.extab* .gnu.linkonce.armextab.*)

.ARM            0x0800a3f0        0x0
                0x0800a3f0                __exidx_start = .
 *(.ARM.exidx*)
                0x0800a3f0                __exidx_end = .

.preinit_array  0x0800a3f0        0x0
                0x0800a3f0                PROVIDE (__preinit_array_start = .)
 *(.preinit_array*)
                0x0800a3f0                PROVIDE (__preinit_array_end = .)

.init_array     0x0800a3f0        0x4
                0x0800a3f0                PROVIDE (__init_array_start = .)
 *(SORT_BY_NAME(.init_array.*))
 *(.init_array*)
 .init_array    0x0800a3f0        0x4 c:/program files (x86)/gnu arm embedded toolchain/10 2021.10/bin/../lib/gcc/arm-none-eabi/10.3.1/thumb/v7e-m+fp/hard/crtbegin.o
                0x0800a3f4                PROVIDE (__init_array_end = .)

.fini_array     0x0800a3f4        0x4
                [!provide]                PROVIDE (__fini_array_start = .)
 *(SORT_BY_NAME(.fini_array.*))
 *(.fini_array*)
 .fini_array    0x0800a3f4        0x4 c:/program files (x86)/gnu arm embedded toolchain/10 2021.10/bin/../lib/gcc/arm-none-eabi/10.3.1/thumb/v7e-m+fp/hard/crtbegin.o
                [!provide]                PROVIDE (__fini_array_end = .)
                0x0800a3f8                _sidata = LOADADDR (.data)

.data           0x20000000      0x258 load address 0x0800a3f8
                0x20000000                . = ALIGN (0x4)
                0x20000000                _sdata = .
 *(.data)
 *(.data*)
 .data.OD       0x20000000        0x4 build/OD.o
                0x20000000                OD
 .data.ODList   0x20000004      0x108 build/OD.o
 .data.OD_PERSIST_COMM
                0x2000010c       0x9c build/OD.o
                0x2000010c                OD_PERSIST_COMM
 .data.OD_RAM   0x200001a8       0x34 build/OD.o
                0x200001a8                OD_RAM
 .data._OD      0x200001dc        0x8 build/OD.o
 .data.uwTickFreq
                0x200001e4        0x1 build/stm32f3xx_hal.o
                0x200001e4                uwTickFreq
 *fill*         0x200001e5        0x3 
 .data.uwTickPrio
                0x200001e8        0x4 build/stm32f3xx_hal.o
                0x200001e8                uwTickPrio
 .data.SystemCoreClock
                0x200001ec        0x4 build/system_stm32f3xx.o
                0x200001ec                SystemCoreClock
 .data.uxCriticalNesting
                0x200001f0        0x4 build/port.o
 .data._impure_ptr
                0x200001f4        0x4 c:/program files (x86)/gnu arm embedded toolchain/10 2021.10/bin/../lib/gcc/arm-none-eabi/10.3.1/../../../../arm-none-eabi/lib/thumb/v7e-m+fp/hard\libc_nano.a(lib_a-impure.o)
                0x200001f4                _impure_ptr
 .data.impure_data
                0x200001f8       0x60 c:/program files (x86)/gnu arm embedded toolchain/10 2021.10/bin/../lib/gcc/arm-none-eabi/10.3.1/../../../../arm-none-eabi/lib/thumb/v7e-m+fp/hard\libc_nano.a(lib_a-impure.o)
                0x20000258                . = ALIGN (0x4)
                0x20000258                _edata = .
                0x0800a650                _siccmram = LOADADDR (.ccmram)

.igot.plt       0x20000258        0x0 load address 0x0800a650
 .igot.plt      0x20000258        0x0 c:/program files (x86)/gnu arm embedded toolchain/10 2021.10/bin/../lib/gcc/arm-none-eabi/10.3.1/thumb/v7e-m+fp/hard/crtbegin.o

.ccmram         0x10000000        0x0 load address 0x0800a650
                0x10000000                . = ALIGN (0x4)
                0x10000000                _sccmram = .
 *(.ccmram)
 *(.ccmram*)
                0x10000000                . = ALIGN (0x4)
                0x10000000                _eccmram = .
                0x10000000                . = ALIGN (0x4)

.bss            0x20000258     0x1d78
                0x20000258                _sbss = .
                0x20000258                __bss_start__ = _sbss
 *(.bss)
 .bss           0x20000258       0x1c c:/program files (x86)/gnu arm embedded toolchain/10 2021.10/bin/../lib/gcc/arm-none-eabi/10.3.1/thumb/v7e-m+fp/hard/crtbegin.o
 *(.bss*)
 .bss.NodeID    0x20000274        0x4 build/main.o
                0x20000274                NodeID
 .bss.canopenTaskHandle
                0x20000278        0x4 build/freertos.o
                0x20000278                canopenTaskHandle
 .bss.hcan      0x2000027c       0x64 build/can.o
                0x2000027c                hcan
 .bss.pHeader   0x200002e0       0x18 build/can.o
                0x200002e0                pHeader
 .bss.sFilterConfig
                0x200002f8       0x28 build/can.o
                0x200002f8                sFilterConfig
 .bss.htim17    0x20000320       0xbc build/tim.o
                0x20000320                htim17
 .bss.htim2     0x200003dc       0xbc build/tim.o
                0x200003dc                htim2
 .bss.htim3     0x20000498       0xbc build/tim.o
                0x20000498                htim3
 .bss.htim1     0x20000554       0xbc build/stm32f3xx_hal_timebase_tim.o
                0x20000554                htim1
 .bss.Difference
                0x20000610        0x4 build/hc_sr04.o
                0x20000610                Difference
 .bss.Distance  0x20000614        0x4 build/hc_sr04.o
                0x20000614                Distance
 .bss.Echo_Raised
                0x20000618        0x1 build/hc_sr04.o
                0x20000618                Echo_Raised
 *fill*         0x20000619        0x3 
 .bss.IC_Val1   0x2000061c        0x4 build/hc_sr04.o
                0x2000061c                IC_Val1
 .bss.IC_Val2   0x20000620        0x4 build/hc_sr04.o
                0x20000620                IC_Val2
 .bss.CO        0x20000624        0x4 build/CO_app_STM32.o
                0x20000624                CO
 .bss.canopenNodeSTM32
                0x20000628        0x4 build/CO_app_STM32.o
                0x20000628                canopenNodeSTM32
 .bss.err       0x2000062c        0x1 build/CO_app_STM32.o
                0x2000062c                err
 *fill*         0x2000062d        0x3 
 .bss.time_current
                0x20000630        0x4 build/CO_app_STM32.o
                0x20000630                time_current
 .bss.time_old  0x20000634        0x4 build/CO_app_STM32.o
                0x20000634                time_old
 .bss.CANModule_local
                0x20000638        0x4 build/CO_driver_STM32.o
 .bss.rx_hdr.0  0x2000063c       0x1c build/CO_driver_STM32.o
 .bss.tx_hdr.1  0x20000658       0x18 build/CO_driver_STM32.o
 .bss.uwTick    0x20000670        0x4 build/stm32f3xx_hal.o
                0x20000670                uwTick
 .bss.xQueueRegistry
                0x20000674       0x40 build/queue.o
                0x20000674                xQueueRegistry
 .bss.pxCurrentTCB
                0x200006b4        0x4 build/tasks.o
                0x200006b4                pxCurrentTCB
 .bss.pxDelayedTaskList
                0x200006b8        0x4 build/tasks.o
 .bss.pxOverflowDelayedTaskList
                0x200006bc        0x4 build/tasks.o
 .bss.pxReadyTasksLists
                0x200006c0      0x460 build/tasks.o
 .bss.uxCurrentNumberOfTasks
                0x20000b20        0x4 build/tasks.o
 .bss.uxDeletedTasksWaitingCleanUp
                0x20000b24        0x4 build/tasks.o
 .bss.uxPendedTicks
                0x20000b28        0x4 build/tasks.o
 .bss.uxSchedulerSuspended
                0x20000b2c        0x4 build/tasks.o
 .bss.uxTaskNumber
                0x20000b30        0x4 build/tasks.o
 .bss.uxTopReadyPriority
                0x20000b34        0x4 build/tasks.o
 .bss.xDelayedTaskList1
                0x20000b38       0x14 build/tasks.o
 .bss.xDelayedTaskList2
                0x20000b4c       0x14 build/tasks.o
 .bss.xIdleTaskHandle
                0x20000b60        0x4 build/tasks.o
 .bss.xNextTaskUnblockTime
                0x20000b64        0x4 build/tasks.o
 .bss.xNumOfOverflows
                0x20000b68        0x4 build/tasks.o
 .bss.xPendingReadyList
                0x20000b6c       0x14 build/tasks.o
 .bss.xSchedulerRunning
                0x20000b80        0x4 build/tasks.o
 .bss.xSuspendedTaskList
                0x20000b84       0x14 build/tasks.o
 .bss.xTasksWaitingTermination
                0x20000b98       0x14 build/tasks.o
 .bss.xTickCount
                0x20000bac        0x4 build/tasks.o
 .bss.xYieldPending
                0x20000bb0        0x4 build/tasks.o
 .bss.pxCurrentTimerList
                0x20000bb4        0x4 build/timers.o
 .bss.pxOverflowTimerList
                0x20000bb8        0x4 build/timers.o
 .bss.ucStaticTimerQueueStorage.1
                0x20000bbc       0xa0 build/timers.o
 .bss.xActiveTimerList1
                0x20000c5c       0x14 build/timers.o
 .bss.xActiveTimerList2
                0x20000c70       0x14 build/timers.o
 .bss.xLastTime.2
                0x20000c84        0x4 build/timers.o
 .bss.xStaticTimerQueue.0
                0x20000c88       0x50 build/timers.o
 .bss.xTimerQueue
                0x20000cd8        0x4 build/timers.o
 .bss.xTimerTaskHandle
                0x20000cdc        0x4 build/timers.o
 .bss.Idle_Stack
                0x20000ce0      0x200 build/cmsis_os2.o
 .bss.Idle_TCB  0x20000ee0       0x5c build/cmsis_os2.o
 .bss.KernelState
                0x20000f3c        0x4 build/cmsis_os2.o
 .bss.Timer_Stack
                0x20000f40      0x400 build/cmsis_os2.o
 .bss.Timer_TCB
                0x20001340       0x5c build/cmsis_os2.o
 .bss.pxEnd     0x2000139c        0x4 build/heap_4.o
 .bss.ucHeap    0x200013a0      0xc00 build/heap_4.o
 .bss.xBlockAllocatedBit
                0x20001fa0        0x4 build/heap_4.o
 .bss.xFreeBytesRemaining
                0x20001fa4        0x4 build/heap_4.o
 .bss.xMinimumEverFreeBytesRemaining
                0x20001fa8        0x4 build/heap_4.o
 .bss.xStart    0x20001fac        0x8 build/heap_4.o
 .bss.ucMaxSysCallPriority
                0x20001fb4        0x1 build/port.o
 *fill*         0x20001fb5        0x3 
 .bss.ulMaxPRIGROUPValue
                0x20001fb8        0x4 build/port.o
 .bss.__lock___malloc_recursive_mutex
                0x20001fbc        0x1 c:/program files (x86)/gnu arm embedded toolchain/10 2021.10/bin/../lib/gcc/arm-none-eabi/10.3.1/../../../../arm-none-eabi/lib/thumb/v7e-m+fp/hard\libc_nano.a(lib_a-lock.o)
                0x20001fbc                __lock___malloc_recursive_mutex
 .bss.__lock___sfp_recursive_mutex
                0x20001fbd        0x1 c:/program files (x86)/gnu arm embedded toolchain/10 2021.10/bin/../lib/gcc/arm-none-eabi/10.3.1/../../../../arm-none-eabi/lib/thumb/v7e-m+fp/hard\libc_nano.a(lib_a-lock.o)
                0x20001fbd                __lock___sfp_recursive_mutex
 .bss.__lock___sinit_recursive_mutex
                0x20001fbe        0x1 c:/program files (x86)/gnu arm embedded toolchain/10 2021.10/bin/../lib/gcc/arm-none-eabi/10.3.1/../../../../arm-none-eabi/lib/thumb/v7e-m+fp/hard\libc_nano.a(lib_a-lock.o)
                0x20001fbe                __lock___sinit_recursive_mutex
 *fill*         0x20001fbf        0x1 
 .bss.__malloc_free_list
                0x20001fc0        0x4 c:/program files (x86)/gnu arm embedded toolchain/10 2021.10/bin/../lib/gcc/arm-none-eabi/10.3.1/../../../../arm-none-eabi/lib/thumb/v7e-m+fp/hard\libc_nano.a(lib_a-nano-mallocr.o)
                0x20001fc0                __malloc_free_list
 .bss.__malloc_sbrk_start
                0x20001fc4        0x4 c:/program files (x86)/gnu arm embedded toolchain/10 2021.10/bin/../lib/gcc/arm-none-eabi/10.3.1/../../../../arm-none-eabi/lib/thumb/v7e-m+fp/hard\libc_nano.a(lib_a-nano-mallocr.o)
                0x20001fc4                __malloc_sbrk_start
 .bss.errno     0x20001fc8        0x4 c:/program files (x86)/gnu arm embedded toolchain/10 2021.10/bin/../lib/gcc/arm-none-eabi/10.3.1/../../../../arm-none-eabi/lib/thumb/v7e-m+fp/hard\libc_nano.a(lib_a-reent.o)
                0x20001fc8                errno
 .bss.heap_end.0
                0x20001fcc        0x4 c:/program files (x86)/gnu arm embedded toolchain/10 2021.10/bin/../lib/gcc/arm-none-eabi/10.3.1/../../../../arm-none-eabi/lib/thumb/v7e-m+fp/hard\libnosys.a(sbrk.o)
 *(COMMON)
                0x20001fd0                . = ALIGN (0x4)
                0x20001fd0                _ebss = .
                0x20001fd0                __bss_end__ = _ebss

._user_heap_stack
                0x20001fd0      0x600
                0x20001fd0                . = ALIGN (0x8)
                0x20001fd0                PROVIDE (end = .)
                [!provide]                PROVIDE (_end = .)
                0x200021d0                . = (. + _Min_Heap_Size)
 *fill*         0x20001fd0      0x200 
                0x200025d0                . = (. + _Min_Stack_Size)
 *fill*         0x200021d0      0x400 
                0x200025d0                . = ALIGN (0x8)

/DISCARD/
 libc.a(*)
 libm.a(*)
 libgcc.a(*)

.ARM.attributes
                0x00000000       0x30
 *(.ARM.attributes)
 .ARM.attributes
                0x00000000       0x1e c:/program files (x86)/gnu arm embedded toolchain/10 2021.10/bin/../lib/gcc/arm-none-eabi/10.3.1/thumb/v7e-m+fp/hard/crti.o
 .ARM.attributes
                0x0000001e       0x34 c:/program files (x86)/gnu arm embedded toolchain/10 2021.10/bin/../lib/gcc/arm-none-eabi/10.3.1/thumb/v7e-m+fp/hard/crtbegin.o
 .ARM.attributes
                0x00000052       0x34 build/main.o
 .ARM.attributes
                0x00000086       0x34 build/gpio.o
 .ARM.attributes
                0x000000ba       0x34 build/freertos.o
 .ARM.attributes
                0x000000ee       0x34 build/can.o
 .ARM.attributes
                0x00000122       0x34 build/tim.o
 .ARM.attributes
                0x00000156       0x34 build/stm32f3xx_it.o
 .ARM.attributes
                0x0000018a       0x34 build/stm32f3xx_hal_msp.o
 .ARM.attributes
                0x000001be       0x34 build/stm32f3xx_hal_timebase_tim.o
 .ARM.attributes
                0x000001f2       0x34 build/hc_sr04.o
 .ARM.attributes
                0x00000226       0x34 build/ws2812.o
 .ARM.attributes
                0x0000025a       0x34 build/flashROM.o
 .ARM.attributes
                0x0000028e       0x34 build/CO_ODinterface.o
 .ARM.attributes
                0x000002c2       0x34 build/CO_NMT_Heartbeat.o
 .ARM.attributes
                0x000002f6       0x34 build/CO_HBconsumer.o
 .ARM.attributes
                0x0000032a       0x34 build/CO_Emergency.o
 .ARM.attributes
                0x0000035e       0x34 build/CO_SDOserver.o
 .ARM.attributes
                0x00000392       0x34 build/CO_TIME.o
 .ARM.attributes
                0x000003c6       0x34 build/CO_SYNC.o
 .ARM.attributes
                0x000003fa       0x34 build/CO_PDO.o
 .ARM.attributes
                0x0000042e       0x34 build/CO_LEDs.o
 .ARM.attributes
                0x00000462       0x34 build/CO_LSSslave.o
 .ARM.attributes
                0x00000496       0x34 build/CANopen.o
 .ARM.attributes
                0x000004ca       0x34 build/CO_app_STM32.o
 .ARM.attributes
                0x000004fe       0x34 build/CO_driver_STM32.o
 .ARM.attributes
                0x00000532       0x34 build/OD.o
 .ARM.attributes
                0x00000566       0x34 build/stm32f3xx_hal_can.o
 .ARM.attributes
                0x0000059a       0x34 build/stm32f3xx_hal.o
 .ARM.attributes
                0x000005ce       0x34 build/stm32f3xx_hal_rcc.o
 .ARM.attributes
                0x00000602       0x34 build/stm32f3xx_hal_gpio.o
 .ARM.attributes
                0x00000636       0x34 build/stm32f3xx_hal_cortex.o
 .ARM.attributes
                0x0000066a       0x34 build/stm32f3xx_hal_flash.o
 .ARM.attributes
                0x0000069e       0x34 build/stm32f3xx_hal_tim.o
 .ARM.attributes
                0x000006d2       0x34 build/stm32f3xx_hal_tim_ex.o
 .ARM.attributes
                0x00000706       0x34 build/system_stm32f3xx.o
 .ARM.attributes
                0x0000073a       0x34 build/list.o
 .ARM.attributes
                0x0000076e       0x34 build/queue.o
 .ARM.attributes
                0x000007a2       0x34 build/tasks.o
 .ARM.attributes
                0x000007d6       0x34 build/timers.o
 .ARM.attributes
                0x0000080a       0x34 build/cmsis_os2.o
 .ARM.attributes
                0x0000083e       0x34 build/heap_4.o
 .ARM.attributes
                0x00000872       0x34 build/port.o
 .ARM.attributes
                0x000008a6       0x21 build/startup_stm32f303x8.o
 .ARM.attributes
                0x000008c7       0x34 c:/program files (x86)/gnu arm embedded toolchain/10 2021.10/bin/../lib/gcc/arm-none-eabi/10.3.1/../../../../arm-none-eabi/lib/thumb/v7e-m+fp/hard\libc_nano.a(lib_a-calloc.o)
 .ARM.attributes
                0x000008fb       0x34 c:/program files (x86)/gnu arm embedded toolchain/10 2021.10/bin/../lib/gcc/arm-none-eabi/10.3.1/../../../../arm-none-eabi/lib/thumb/v7e-m+fp/hard\libc_nano.a(lib_a-fflush.o)
 .ARM.attributes
                0x0000092f       0x34 c:/program files (x86)/gnu arm embedded toolchain/10 2021.10/bin/../lib/gcc/arm-none-eabi/10.3.1/../../../../arm-none-eabi/lib/thumb/v7e-m+fp/hard\libc_nano.a(lib_a-findfp.o)
 .ARM.attributes
                0x00000963       0x34 c:/program files (x86)/gnu arm embedded toolchain/10 2021.10/bin/../lib/gcc/arm-none-eabi/10.3.1/../../../../arm-none-eabi/lib/thumb/v7e-m+fp/hard\libc_nano.a(lib_a-fwalk.o)
 .ARM.attributes
                0x00000997       0x34 c:/program files (x86)/gnu arm embedded toolchain/10 2021.10/bin/../lib/gcc/arm-none-eabi/10.3.1/../../../../arm-none-eabi/lib/thumb/v7e-m+fp/hard\libc_nano.a(lib_a-impure.o)
 .ARM.attributes
                0x000009cb       0x34 c:/program files (x86)/gnu arm embedded toolchain/10 2021.10/bin/../lib/gcc/arm-none-eabi/10.3.1/../../../../arm-none-eabi/lib/thumb/v7e-m+fp/hard\libc_nano.a(lib_a-init.o)
 .ARM.attributes
                0x000009ff       0x34 c:/program files (x86)/gnu arm embedded toolchain/10 2021.10/bin/../lib/gcc/arm-none-eabi/10.3.1/../../../../arm-none-eabi/lib/thumb/v7e-m+fp/hard\libc_nano.a(lib_a-lock.o)
 .ARM.attributes
                0x00000a33       0x34 c:/program files (x86)/gnu arm embedded toolchain/10 2021.10/bin/../lib/gcc/arm-none-eabi/10.3.1/../../../../arm-none-eabi/lib/thumb/v7e-m+fp/hard\libc_nano.a(lib_a-malloc.o)
 .ARM.attributes
                0x00000a67       0x34 c:/program files (x86)/gnu arm embedded toolchain/10 2021.10/bin/../lib/gcc/arm-none-eabi/10.3.1/../../../../arm-none-eabi/lib/thumb/v7e-m+fp/hard\libc_nano.a(lib_a-memcpy-stub.o)
 .ARM.attributes
                0x00000a9b       0x34 c:/program files (x86)/gnu arm embedded toolchain/10 2021.10/bin/../lib/gcc/arm-none-eabi/10.3.1/../../../../arm-none-eabi/lib/thumb/v7e-m+fp/hard\libc_nano.a(lib_a-memmove.o)
 .ARM.attributes
                0x00000acf       0x34 c:/program files (x86)/gnu arm embedded toolchain/10 2021.10/bin/../lib/gcc/arm-none-eabi/10.3.1/../../../../arm-none-eabi/lib/thumb/v7e-m+fp/hard\libc_nano.a(lib_a-memset.o)
 .ARM.attributes
                0x00000b03       0x34 c:/program files (x86)/gnu arm embedded toolchain/10 2021.10/bin/../lib/gcc/arm-none-eabi/10.3.1/../../../../arm-none-eabi/lib/thumb/v7e-m+fp/hard\libc_nano.a(lib_a-nano-callocr.o)
 .ARM.attributes
                0x00000b37       0x34 c:/program files (x86)/gnu arm embedded toolchain/10 2021.10/bin/../lib/gcc/arm-none-eabi/10.3.1/../../../../arm-none-eabi/lib/thumb/v7e-m+fp/hard\libc_nano.a(lib_a-nano-freer.o)
 .ARM.attributes
                0x00000b6b       0x34 c:/program files (x86)/gnu arm embedded toolchain/10 2021.10/bin/../lib/gcc/arm-none-eabi/10.3.1/../../../../arm-none-eabi/lib/thumb/v7e-m+fp/hard\libc_nano.a(lib_a-nano-mallocr.o)
 .ARM.attributes
                0x00000b9f       0x34 c:/program files (x86)/gnu arm embedded toolchain/10 2021.10/bin/../lib/gcc/arm-none-eabi/10.3.1/../../../../arm-none-eabi/lib/thumb/v7e-m+fp/hard\libc_nano.a(lib_a-printf.o)
 .ARM.attributes
                0x00000bd3       0x34 c:/program files (x86)/gnu arm embedded toolchain/10 2021.10/bin/../lib/gcc/arm-none-eabi/10.3.1/../../../../arm-none-eabi/lib/thumb/v7e-m+fp/hard\libc_nano.a(lib_a-puts.o)
 .ARM.attributes
                0x00000c07       0x34 c:/program files (x86)/gnu arm embedded toolchain/10 2021.10/bin/../lib/gcc/arm-none-eabi/10.3.1/../../../../arm-none-eabi/lib/thumb/v7e-m+fp/hard\libc_nano.a(lib_a-sbrkr.o)
 .ARM.attributes
                0x00000c3b       0x34 c:/program files (x86)/gnu arm embedded toolchain/10 2021.10/bin/../lib/gcc/arm-none-eabi/10.3.1/../../../../arm-none-eabi/lib/thumb/v7e-m+fp/hard\libc_nano.a(lib_a-stdio.o)
 .ARM.attributes
                0x00000c6f       0x17 c:/program files (x86)/gnu arm embedded toolchain/10 2021.10/bin/../lib/gcc/arm-none-eabi/10.3.1/../../../../arm-none-eabi/lib/thumb/v7e-m+fp/hard\libc_nano.a(lib_a-strlen.o)
 .ARM.attributes
                0x00000c86       0x34 c:/program files (x86)/gnu arm embedded toolchain/10 2021.10/bin/../lib/gcc/arm-none-eabi/10.3.1/../../../../arm-none-eabi/lib/thumb/v7e-m+fp/hard\libc_nano.a(lib_a-wbuf.o)
 .ARM.attributes
                0x00000cba       0x34 c:/program files (x86)/gnu arm embedded toolchain/10 2021.10/bin/../lib/gcc/arm-none-eabi/10.3.1/../../../../arm-none-eabi/lib/thumb/v7e-m+fp/hard\libc_nano.a(lib_a-writer.o)
 .ARM.attributes
                0x00000cee       0x34 c:/program files (x86)/gnu arm embedded toolchain/10 2021.10/bin/../lib/gcc/arm-none-eabi/10.3.1/../../../../arm-none-eabi/lib/thumb/v7e-m+fp/hard\libc_nano.a(lib_a-wsetup.o)
 .ARM.attributes
                0x00000d22       0x34 c:/program files (x86)/gnu arm embedded toolchain/10 2021.10/bin/../lib/gcc/arm-none-eabi/10.3.1/../../../../arm-none-eabi/lib/thumb/v7e-m+fp/hard\libc_nano.a(lib_a-closer.o)
 .ARM.attributes
                0x00000d56       0x34 c:/program files (x86)/gnu arm embedded toolchain/10 2021.10/bin/../lib/gcc/arm-none-eabi/10.3.1/../../../../arm-none-eabi/lib/thumb/v7e-m+fp/hard\libc_nano.a(lib_a-lseekr.o)
 .ARM.attributes
                0x00000d8a       0x34 c:/program files (x86)/gnu arm embedded toolchain/10 2021.10/bin/../lib/gcc/arm-none-eabi/10.3.1/../../../../arm-none-eabi/lib/thumb/v7e-m+fp/hard\libc_nano.a(lib_a-makebuf.o)
 .ARM.attributes
                0x00000dbe       0x34 c:/program files (x86)/gnu arm embedded toolchain/10 2021.10/bin/../lib/gcc/arm-none-eabi/10.3.1/../../../../arm-none-eabi/lib/thumb/v7e-m+fp/hard\libc_nano.a(lib_a-mlock.o)
 .ARM.attributes
                0x00000df2       0x34 c:/program files (x86)/gnu arm embedded toolchain/10 2021.10/bin/../lib/gcc/arm-none-eabi/10.3.1/../../../../arm-none-eabi/lib/thumb/v7e-m+fp/hard\libc_nano.a(lib_a-nano-vfprintf.o)
 .ARM.attributes
                0x00000e26       0x34 c:/program files (x86)/gnu arm embedded toolchain/10 2021.10/bin/../lib/gcc/arm-none-eabi/10.3.1/../../../../arm-none-eabi/lib/thumb/v7e-m+fp/hard\libc_nano.a(lib_a-nano-vfprintf_i.o)
 .ARM.attributes
                0x00000e5a       0x34 c:/program files (x86)/gnu arm embedded toolchain/10 2021.10/bin/../lib/gcc/arm-none-eabi/10.3.1/../../../../arm-none-eabi/lib/thumb/v7e-m+fp/hard\libc_nano.a(lib_a-readr.o)
 .ARM.attributes
                0x00000e8e       0x34 c:/program files (x86)/gnu arm embedded toolchain/10 2021.10/bin/../lib/gcc/arm-none-eabi/10.3.1/../../../../arm-none-eabi/lib/thumb/v7e-m+fp/hard\libc_nano.a(lib_a-reent.o)
 .ARM.attributes
                0x00000ec2       0x34 c:/program files (x86)/gnu arm embedded toolchain/10 2021.10/bin/../lib/gcc/arm-none-eabi/10.3.1/../../../../arm-none-eabi/lib/thumb/v7e-m+fp/hard\libc_nano.a(lib_a-fstatr.o)
 .ARM.attributes
                0x00000ef6       0x34 c:/program files (x86)/gnu arm embedded toolchain/10 2021.10/bin/../lib/gcc/arm-none-eabi/10.3.1/../../../../arm-none-eabi/lib/thumb/v7e-m+fp/hard\libc_nano.a(lib_a-isattyr.o)
 .ARM.attributes
                0x00000f2a       0x1c c:/program files (x86)/gnu arm embedded toolchain/10 2021.10/bin/../lib/gcc/arm-none-eabi/10.3.1/../../../../arm-none-eabi/lib/thumb/v7e-m+fp/hard\libc_nano.a(lib_a-memchr.o)
 .ARM.attributes
                0x00000f46       0x34 c:/program files (x86)/gnu arm embedded toolchain/10 2021.10/bin/../lib/gcc/arm-none-eabi/10.3.1/../../../../arm-none-eabi/lib/thumb/v7e-m+fp/hard\libnosys.a(close.o)
 .ARM.attributes
                0x00000f7a       0x34 c:/program files (x86)/gnu arm embedded toolchain/10 2021.10/bin/../lib/gcc/arm-none-eabi/10.3.1/../../../../arm-none-eabi/lib/thumb/v7e-m+fp/hard\libnosys.a(fstat.o)
 .ARM.attributes
                0x00000fae       0x34 c:/program files (x86)/gnu arm embedded toolchain/10 2021.10/bin/../lib/gcc/arm-none-eabi/10.3.1/../../../../arm-none-eabi/lib/thumb/v7e-m+fp/hard\libnosys.a(isatty.o)
 .ARM.attributes
                0x00000fe2       0x34 c:/program files (x86)/gnu arm embedded toolchain/10 2021.10/bin/../lib/gcc/arm-none-eabi/10.3.1/../../../../arm-none-eabi/lib/thumb/v7e-m+fp/hard\libnosys.a(lseek.o)
 .ARM.attributes
                0x00001016       0x34 c:/program files (x86)/gnu arm embedded toolchain/10 2021.10/bin/../lib/gcc/arm-none-eabi/10.3.1/../../../../arm-none-eabi/lib/thumb/v7e-m+fp/hard\libnosys.a(read.o)
 .ARM.attributes
                0x0000104a       0x34 c:/program files (x86)/gnu arm embedded toolchain/10 2021.10/bin/../lib/gcc/arm-none-eabi/10.3.1/../../../../arm-none-eabi/lib/thumb/v7e-m+fp/hard\libnosys.a(sbrk.o)
 .ARM.attributes
                0x0000107e       0x34 c:/program files (x86)/gnu arm embedded toolchain/10 2021.10/bin/../lib/gcc/arm-none-eabi/10.3.1/../../../../arm-none-eabi/lib/thumb/v7e-m+fp/hard\libnosys.a(write.o)
 .ARM.attributes
                0x000010b2       0x1e c:/program files (x86)/gnu arm embedded toolchain/10 2021.10/bin/../lib/gcc/arm-none-eabi/10.3.1/thumb/v7e-m+fp/hard\libgcc.a(_arm_muldf3.o)
 .ARM.attributes
                0x000010d0       0x1e c:/program files (x86)/gnu arm embedded toolchain/10 2021.10/bin/../lib/gcc/arm-none-eabi/10.3.1/thumb/v7e-m+fp/hard\libgcc.a(_arm_addsubdf3.o)
 .ARM.attributes
                0x000010ee       0x1e c:/program files (x86)/gnu arm embedded toolchain/10 2021.10/bin/../lib/gcc/arm-none-eabi/10.3.1/thumb/v7e-m+fp/hard\libgcc.a(_arm_fixunsdfsi.o)
 .ARM.attributes
                0x0000110c       0x1e c:/program files (x86)/gnu arm embedded toolchain/10 2021.10/bin/../lib/gcc/arm-none-eabi/10.3.1/thumb/v7e-m+fp/hard/crtn.o
OUTPUT(build/cityscope_light_controller.elf elf32-littlearm)
LOAD linker stubs
LOAD c:/program files (x86)/gnu arm embedded toolchain/10 2021.10/bin/../lib/gcc/arm-none-eabi/10.3.1/../../../../arm-none-eabi/lib/thumb/v7e-m+fp/hard\libc.a
LOAD c:/program files (x86)/gnu arm embedded toolchain/10 2021.10/bin/../lib/gcc/arm-none-eabi/10.3.1/../../../../arm-none-eabi/lib/thumb/v7e-m+fp/hard\libm.a
LOAD c:/program files (x86)/gnu arm embedded toolchain/10 2021.10/bin/../lib/gcc/arm-none-eabi/10.3.1/thumb/v7e-m+fp/hard\libgcc.a

.debug_info     0x00000000    0x3a6ac
 .debug_info    0x00000000     0x28ca build/main.o
 .debug_info    0x000028ca      0x409 build/gpio.o
 .debug_info    0x00002cd3     0x2fca build/freertos.o
 .debug_info    0x00005c9d      0xdff build/can.o
 .debug_info    0x00006a9c     0x11d0 build/tim.o
 .debug_info    0x00007c6c      0xf98 build/stm32f3xx_it.o
 .debug_info    0x00008c04      0x341 build/stm32f3xx_hal_msp.o
 .debug_info    0x00008f45      0xe93 build/stm32f3xx_hal_timebase_tim.o
 .debug_info    0x00009dd8      0xbe1 build/hc_sr04.o
 .debug_info    0x0000a9b9      0x516 build/ws2812.o
 .debug_info    0x0000aecf      0x694 build/flashROM.o
 .debug_info    0x0000b563      0xce8 build/CO_ODinterface.o
 .debug_info    0x0000c24b     0x122f build/CO_NMT_Heartbeat.o
 .debug_info    0x0000d47a     0x1410 build/CO_HBconsumer.o
 .debug_info    0x0000e88a     0x15ec build/CO_Emergency.o
 .debug_info    0x0000fe76     0x1fcf build/CO_SDOserver.o
 .debug_info    0x00011e45      0xc2e build/CO_TIME.o
 .debug_info    0x00012a73     0x1566 build/CO_SYNC.o
 .debug_info    0x00013fd9     0x2ceb build/CO_PDO.o
 .debug_info    0x00016cc4      0x437 build/CO_LEDs.o
 .debug_info    0x000170fb      0xda6 build/CO_LSSslave.o
 .debug_info    0x00017ea1     0x29c2 build/CANopen.o
 .debug_info    0x0001a863     0x3754 build/CO_app_STM32.o
 .debug_info    0x0001dfb7     0x3131 build/CO_driver_STM32.o
 .debug_info    0x000210e8      0xab2 build/OD.o
 .debug_info    0x00021b9a     0x15d2 build/stm32f3xx_hal_can.o
 .debug_info    0x0002316c      0x8a8 build/stm32f3xx_hal.o
 .debug_info    0x00023a14     0x16db build/stm32f3xx_hal_rcc.o
 .debug_info    0x000250ef      0x824 build/stm32f3xx_hal_gpio.o
 .debug_info    0x00025913      0xe2e build/stm32f3xx_hal_cortex.o